Archive member included to satisfy reference by file (symbol)

/usr/lib32/libc_nonshared.a(elf-init.oS)
                              /usr/lib/gcc/x86_64-linux-gnu/4.8/../../../../lib32/crt1.o (__libc_csu_init)

Allocating common symbols
Common symbol       size              file

vio_port_2          0xc               ../../../os/hal/platforms/Posix/pal_lld.o
vtlist              0x10              ../../../os/kernel/src/chvt.o
test_timer_done     0x1               ../../../test/test.o
SD2                 0xa0              ../../../os/hal/platforms/Posix/serial_lld.o
threads             0x14              ../../../test/test.o
_idle_thread_wa     0x4170            ../../../os/kernel/src/chsys.o
vio_port_1          0xc               ../../../os/hal/platforms/Posix/pal_lld.o
shell_terminated    0x4               ../../../os/various/shell.o
SD1                 0xa0              ../../../os/hal/platforms/Posix/serial_lld.o
rlist               0x1c              ../../../os/kernel/src/chschd.o
test                0x14c30           ../../../test/test.o

Discarded input sections

 .note.GNU-stack
                0x0000000000000000        0x0 /usr/lib/gcc/x86_64-linux-gnu/4.8/../../../../lib32/crt1.o
 .note.GNU-stack
                0x0000000000000000        0x0 /usr/lib/gcc/x86_64-linux-gnu/4.8/../../../../lib32/crti.o
 .note.GNU-stack
                0x0000000000000000        0x0 /usr/lib/gcc/x86_64-linux-gnu/4.8/32/crtbegin.o
 .note.GNU-stack
                0x0000000000000000        0x0 ../../../os/ports/GCC/SIMIA32/chcore.o
 .note.GNU-stack
                0x0000000000000000        0x0 ../../../os/kernel/src/chsys.o
 .note.GNU-stack
                0x0000000000000000        0x0 ../../../os/kernel/src/chdebug.o
 .note.GNU-stack
                0x0000000000000000        0x0 ../../../os/kernel/src/chlists.o
 .note.GNU-stack
                0x0000000000000000        0x0 ../../../os/kernel/src/chvt.o
 .note.GNU-stack
                0x0000000000000000        0x0 ../../../os/kernel/src/chschd.o
 .note.GNU-stack
                0x0000000000000000        0x0 ../../../os/kernel/src/chthreads.o
 .note.GNU-stack
                0x0000000000000000        0x0 ../../../os/kernel/src/chdynamic.o
 .note.GNU-stack
                0x0000000000000000        0x0 ../../../os/kernel/src/chregistry.o
 .note.GNU-stack
                0x0000000000000000        0x0 ../../../os/kernel/src/chsem.o
 .note.GNU-stack
                0x0000000000000000        0x0 ../../../os/kernel/src/chmtx.o
 .note.GNU-stack
                0x0000000000000000        0x0 ../../../os/kernel/src/chcond.o
 .note.GNU-stack
                0x0000000000000000        0x0 ../../../os/kernel/src/chevents.o
 .note.GNU-stack
                0x0000000000000000        0x0 ../../../os/kernel/src/chmsg.o
 .note.GNU-stack
                0x0000000000000000        0x0 ../../../os/kernel/src/chmboxes.o
 .note.GNU-stack
                0x0000000000000000        0x0 ../../../os/kernel/src/chqueues.o
 .note.GNU-stack
                0x0000000000000000        0x0 ../../../os/kernel/src/chmemcore.o
 .note.GNU-stack
                0x0000000000000000        0x0 ../../../os/kernel/src/chheap.o
 .note.GNU-stack
                0x0000000000000000        0x0 ../../../os/kernel/src/chmempools.o
 .note.GNU-stack
                0x0000000000000000        0x0 ../../../test/test.o
 .note.GNU-stack
                0x0000000000000000        0x0 ../../../test/testthd.o
 .note.GNU-stack
                0x0000000000000000        0x0 ../../../test/testsem.o
 .note.GNU-stack
                0x0000000000000000        0x0 ../../../test/testmtx.o
 .note.GNU-stack
                0x0000000000000000        0x0 ../../../test/testmsg.o
 .note.GNU-stack
                0x0000000000000000        0x0 ../../../test/testmbox.o
 .note.GNU-stack
                0x0000000000000000        0x0 ../../../test/testevt.o
 .note.GNU-stack
                0x0000000000000000        0x0 ../../../test/testheap.o
 .note.GNU-stack
                0x0000000000000000        0x0 ../../../test/testpools.o
 .note.GNU-stack
                0x0000000000000000        0x0 ../../../test/testdyn.o
 .note.GNU-stack
                0x0000000000000000        0x0 ../../../test/testqueues.o
 .note.GNU-stack
                0x0000000000000000        0x0 ../../../test/testbmk.o
 .note.GNU-stack
                0x0000000000000000        0x0 ../../../os/hal/src/hal.o
 .note.GNU-stack
                0x0000000000000000        0x0 ../../../os/hal/src/adc.o
 .note.GNU-stack
                0x0000000000000000        0x0 ../../../os/hal/src/can.o
 .note.GNU-stack
                0x0000000000000000        0x0 ../../../os/hal/src/ext.o
 .note.GNU-stack
                0x0000000000000000        0x0 ../../../os/hal/src/gpt.o
 .note.GNU-stack
                0x0000000000000000        0x0 ../../../os/hal/src/i2c.o
 .note.GNU-stack
                0x0000000000000000        0x0 ../../../os/hal/src/icu.o
 .note.GNU-stack
[...]
Memory Configuration

Name             Origin             Length             Attributes
*default*        0x0000000000000000 0xffffffffffffffff

Linker script and memory map

LOAD /usr/lib/gcc/x86_64-linux-gnu/4.8/../../../../lib32/crt1.o
LOAD /usr/lib/gcc/x86_64-linux-gnu/4.8/../../../../lib32/crti.o
LOAD /usr/lib/gcc/x86_64-linux-gnu/4.8/32/crtbegin.o
LOAD ../../../os/ports/GCC/SIMIA32/chcore.o
LOAD ../../../os/kernel/src/chsys.o
LOAD ../../../os/kernel/src/chdebug.o
LOAD ../../../os/kernel/src/chlists.o
LOAD ../../../os/kernel/src/chvt.o
LOAD ../../../os/kernel/src/chschd.o
LOAD ../../../os/kernel/src/chthreads.o
LOAD ../../../os/kernel/src/chdynamic.o
LOAD ../../../os/kernel/src/chregistry.o
LOAD ../../../os/kernel/src/chsem.o
LOAD ../../../os/kernel/src/chmtx.o
LOAD ../../../os/kernel/src/chcond.o
LOAD ../../../os/kernel/src/chevents.o
LOAD ../../../os/kernel/src/chmsg.o
LOAD ../../../os/kernel/src/chmboxes.o
LOAD ../../../os/kernel/src/chqueues.o
LOAD ../../../os/kernel/src/chmemcore.o
LOAD ../../../os/kernel/src/chheap.o
LOAD ../../../os/kernel/src/chmempools.o
LOAD ../../../test/test.o
LOAD ../../../test/testthd.o
LOAD ../../../test/testsem.o
LOAD ../../../test/testmtx.o
LOAD ../../../test/testmsg.o
LOAD ../../../test/testmbox.o
LOAD ../../../test/testevt.o
LOAD ../../../test/testheap.o
LOAD ../../../test/testpools.o
LOAD ../../../test/testdyn.o
LOAD ../../../test/testqueues.o
LOAD ../../../test/testbmk.o
LOAD ../../../os/hal/src/hal.o
LOAD ../../../os/hal/src/adc.o
LOAD ../../../os/hal/src/can.o
LOAD ../../../os/hal/src/ext.o
LOAD ../../../os/hal/src/gpt.o
LOAD ../../../os/hal/src/i2c.o
LOAD ../../../os/hal/src/icu.o
LOAD ../../../os/hal/src/mac.o
LOAD ../../../os/hal/src/mmc_spi.o
LOAD ../../../os/hal/src/mmcsd.o
LOAD ../../../os/hal/src/pal.o
LOAD ../../../os/hal/src/pwm.o
LOAD ../../../os/hal/src/rtc.o
LOAD ../../../os/hal/src/sdc.o
LOAD ../../../os/hal/src/serial.o
LOAD ../../../os/hal/src/serial_usb.o
LOAD ../../../os/hal/src/spi.o
LOAD ../../../os/hal/src/tm.o
LOAD ../../../os/hal/src/uart.o
LOAD ../../../os/hal/src/usb.o
LOAD ../../../os/hal/platforms/Posix/hal_lld.o
LOAD ../../../os/hal/platforms/Posix/pal_lld.o
LOAD ../../../os/hal/platforms/Posix/serial_lld.o
LOAD ../../../boards/simulator/board.o
LOAD ../../../os/various/shell.o
LOAD ../../../os/various/memstreams.o
LOAD ../../../os/various/chprintf.o
LOAD main.o
LOAD /usr/lib/gcc/x86_64-linux-gnu/4.8/32/libgcc.a
LOAD /usr/lib/gcc/x86_64-linux-gnu/4.8/32/libgcc_s.so
LOAD /usr/lib/gcc/x86_64-linux-gnu/4.8/../../../../lib32/libc.so
START GROUP
LOAD /lib32/libc.so.6
LOAD /usr/lib32/libc_nonshared.a
LOAD /lib32/ld-linux.so.2
END GROUP
LOAD /usr/lib/gcc/x86_64-linux-gnu/4.8/32/libgcc.a
LOAD /usr/lib/gcc/x86_64-linux-gnu/4.8/32/libgcc_s.so
LOAD /usr/lib/gcc/x86_64-linux-gnu/4.8/32/crtend.o
LOAD /usr/lib/gcc/x86_64-linux-gnu/4.8/../../../../lib32/crtn.o
                0x0000000008048000                PROVIDE (__executable_start, 0x8048000)
                0x0000000008048154                . = (0x8048000 + SIZEOF_HEADERS)

.interp         0x0000000008048154       0x13
 *(.interp)
 .interp        0x0000000008048154       0x13 /usr/lib/gcc/x86_64-linux-gnu/4.8/../../../../lib32/crt1.o

.note.ABI-tag   0x0000000008048168       0x20
 .note.ABI-tag  0x0000000008048168       0x20 /usr/lib/gcc/x86_64-linux-gnu/4.8/../../../../lib32/crt1.o

.note.gnu.build-id
                0x0000000008048188       0x24
 *(.note.gnu.build-id)
 .note.gnu.build-id
                0x0000000008048188       0x24 /usr/lib/gcc/x86_64-linux-gnu/4.8/../../../../lib32/crt1.o

.hash
 *(.hash)

.gnu.hash       0x00000000080481ac       0x20
 *(.gnu.hash)
 .gnu.hash      0x00000000080481ac       0x20 /usr/lib/gcc/x86_64-linux-gnu/4.8/../../../../lib32/crt1.o

.dynsym         0x00000000080481cc      0x180
 *(.dynsym)
 .dynsym        0x00000000080481cc      0x180 /usr/lib/gcc/x86_64-linux-gnu/4.8/../../../../lib32/crt1.o

.dynstr         0x000000000804834c      0x10c
 *(.dynstr)
 .dynstr        0x000000000804834c      0x10c /usr/lib/gcc/x86_64-linux-gnu/4.8/../../../../lib32/crt1.o

.gnu.version    0x0000000008048458       0x30
 *(.gnu.version)
 .gnu.version   0x0000000008048458       0x30 /usr/lib/gcc/x86_64-linux-gnu/4.8/../../../../lib32/crt1.o

.gnu.version_d  0x0000000008048488        0x0
 *(.gnu.version_d)
 .gnu.version_d
                0x0000000000000000        0x0 /usr/lib/gcc/x86_64-linux-gnu/4.8/../../../../lib32/crt1.o

.gnu.version_r  0x0000000008048488       0x40
 *(.gnu.version_r)
 .gnu.version_r
                0x0000000008048488       0x40 /usr/lib/gcc/x86_64-linux-gnu/4.8/../../../../lib32/crt1.o

.rel.dyn        0x00000000080484c8        0x8
 *(.rel.init)
 *(.rel.text .rel.text.* .rel.gnu.linkonce.t.*)
 .rel.text      0x0000000000000000        0x0 /usr/lib/gcc/x86_64-linux-gnu/4.8/../../../../lib32/crt1.o
 .rel.text.startup
                0x0000000000000000        0x0 /usr/lib/gcc/x86_64-linux-gnu/4.8/../../../../lib32/crt1.o
 *(.rel.fini)
 *(.rel.rodata .rel.rodata.* .rel.gnu.linkonce.r.*)
 .rel.rodata    0x0000000000000000        0x0 /usr/lib/gcc/x86_64-linux-gnu/4.8/../../../../lib32/crt1.o
 *(.rel.data.rel.ro .rel.data.rel.ro.* .rel.gnu.linkonce.d.rel.ro.*)
 *(.rel.data .rel.data.* .rel.gnu.linkonce.d.*)
 .rel.data      0x0000000000000000        0x0 /usr/lib/gcc/x86_64-linux-gnu/4.8/../../../../lib32/crt1.o
 *(.rel.tdata .rel.tdata.* .rel.gnu.linkonce.td.*)
 *(.rel.tbss .rel.tbss.* .rel.gnu.linkonce.tb.*)
 *(.rel.ctors)
 *(.rel.dtors)
 *(.rel.got)
 .rel.got       0x00000000080484c8        0x8 /usr/lib/gcc/x86_64-linux-gnu/4.8/../../../../lib32/crt1.o
 *(.rel.bss .rel.bss.* .rel.gnu.linkonce.b.*)
 .rel.bss       0x0000000000000000        0x0 /usr/lib/gcc/x86_64-linux-gnu/4.8/../../../../lib32/crt1.o
 *(.rel.ifunc)

.rel.plt        0x00000000080484d0       0xb0
 *(.rel.plt)
 .rel.plt       0x00000000080484d0       0xb0 /usr/lib/gcc/x86_64-linux-gnu/4.8/../../../../lib32/crt1.o
                0x0000000008048580                PROVIDE (__rel_iplt_start, .)
 *(.rel.iplt)
 .rel.iplt      0x0000000000000000        0x0 /usr/lib/gcc/x86_64-linux-gnu/4.8/../../../../lib32/crt1.o
                0x0000000008048580                PROVIDE (__rel_iplt_end, .)

.init           0x0000000008048580       0x23
 *(SORT(.init))
 .init          0x0000000008048580       0x1e /usr/lib/gcc/x86_64-linux-gnu/4.8/../../../../lib32/crti.o
                0x0000000008048580                _init
 .init          0x000000000804859e        0x5 /usr/lib/gcc/x86_64-linux-gnu/4.8/../../../../lib32/crtn.o

.plt            0x00000000080485b0      0x170
 *(.plt)
 .plt           0x00000000080485b0      0x170 /usr/lib/gcc/x86_64-linux-gnu/4.8/../../../../lib32/crt1.o
                0x00000000080485c0                setsockopt@@GLIBC_2.0
                0x00000000080485d0                getprotobyname@@GLIBC_2.0
                0x00000000080485e0                memcpy@@GLIBC_2.0
                0x00000000080485f0                gettimeofday@@GLIBC_2.0
                0x0000000008048600                __stack_chk_fail@@GLIBC_2.4
                0x0000000008048610                ioctl@@GLIBC_2.0
                0x0000000008048620                accept@@GLIBC_2.0
                0x0000000008048630                puts@@GLIBC_2.0
                0x0000000008048650                exit@@GLIBC_2.0
                0x0000000008048660                __libc_start_main@@GLIBC_2.0
                0x0000000008048670                strcasecmp@@GLIBC_2.0
                0x0000000008048680                bind@@GLIBC_2.0
                0x0000000008048690                __errno_location@@GLIBC_2.0
                0x00000000080486a0                __printf_chk@@GLIBC_2.3.4
                0x00000000080486b0                strpbrk@@GLIBC_2.0
                0x00000000080486c0                listen@@GLIBC_2.0
                0x00000000080486d0                socket@@GLIBC_2.0
                0x00000000080486e0                recv@@GLIBC_2.0
                0x00000000080486f0                close@@GLIBC_2.0
                0x0000000008048700                strspn@@GLIBC_2.0
                0x0000000008048710                send@@GLIBC_2.0
 *(.iplt)
 .iplt          0x0000000000000000        0x0 /usr/lib/gcc/x86_64-linux-gnu/4.8/../../../../lib32/crt1.o

.text           0x0000000008048720     0x93f2
 *(.text.unlikely .text.*_unlikely .text.unlikely.*)
 *(.text.exit .text.exit.*)
 *(.text.startup .text.startup.*)
 .text.startup  0x0000000008048720       0x6a main.o
                0x0000000008048720                main
 *(.text.hot .text.hot.*)
 *(.text .stub .text.* .gnu.linkonce.t.*)
 .text          0x000000000804878a       0x22 /usr/lib/gcc/x86_64-linux-gnu/4.8/../../../../lib32/crt1.o
                0x000000000804878a                _start
 .text          0x00000000080487ac        0x0 /usr/lib/gcc/x86_64-linux-gnu/4.8/../../../../lib32/crti.o
 *fill*         0x00000000080487ac        0x4 
 .gnu.linkonce.t.__x86.get_pc_thunk.bx
                0x00000000080487b0        0x4 /usr/lib/gcc/x86_64-linux-gnu/4.8/../../../../lib32/crti.o
                0x00000000080487b0                __x86.get_pc_thunk.bx
 *fill*         0x00000000080487b4        0xc 
 .text          0x00000000080487c0       0xbd /usr/lib/gcc/x86_64-linux-gnu/4.8/32/crtbegin.o
 *fill*         0x000000000804887d        0x3 
 .text          0x0000000008048880       0x39 ../../../os/ports/GCC/SIMIA32/chcore.o
                0x0000000008048880                port_switch
                0x0000000008048890                port_halt
                0x00000000080488a0                _port_thread_start
 *fill*         0x00000000080488b9        0x7 
 .text          0x00000000080488c0      0x10a ../../../os/kernel/src/chsys.o
                0x00000000080488c0                _idle_thread
                0x00000000080488e0                chSysInit
                0x0000000008048950                chSysTimerHandlerI
 .text          0x00000000080489ca        0x0 ../../../os/kernel/src/chdebug.o
 .text          0x00000000080489ca        0x0 ../../../os/kernel/src/chlists.o
 *fill*         0x00000000080489ca        0x6 
 .text          0x00000000080489d0       0xa6 ../../../os/kernel/src/chvt.o
                0x00000000080489d0                _vt_init
                0x0000000008048a00                chVTSetI
                0x0000000008048a50                chVTResetI
 *fill*         0x0000000008048a76        0xa 
 .text          0x0000000008048a80      0x335 ../../../os/kernel/src/chschd.o
                0x0000000008048af0                _scheduler_init
                0x0000000008048b30                chSchReadyI
                0x0000000008048b60                chSchGoSleepS
                0x0000000008048ba0                chSchGoSleepTimeoutS
                0x0000000008048c20                chSchWakeupS
                0x0000000008048ca0                chSchIsPreemptionRequired
                0x0000000008048cd0                chSchDoRescheduleBehind
                0x0000000008048d30                chSchDoRescheduleAhead
                0x0000000008048d80                chSchRescheduleS
                0x0000000008048da0                chSchDoReschedule
 *fill*         0x0000000008048db5        0xb 
 .text          0x0000000008048dc0      0x31d ../../../os/kernel/src/chthreads.o
                0x0000000008048dc0                _thread_init
                0x0000000008048e30                chThdCreateI
                0x0000000008048ef0                chThdCreateStatic
                0x0000000008048f40                chThdSetPriority
                0x0000000008048f70                chThdResume
                0x0000000008048fa0                chThdTerminate
                0x0000000008048fb0                chThdSleep
                0x0000000008048fd0                chThdSleepUntil
                0x0000000008049000                chThdYield
                0x0000000008049030                chThdExitS
                0x0000000008049090                chThdExit
                0x00000000080490a0                chThdWait
 *fill*         0x00000000080490dd        0x3 
 .text          0x00000000080490e0      0x164 ../../../os/kernel/src/chdynamic.o
                0x00000000080490e0                chThdAddRef
                0x00000000080490f0                chThdRelease
                0x0000000008049170                chThdCreateFromHeap
                0x00000000080491e0                chThdCreateFromMemoryPool
 *fill*         0x0000000008049244        0xc 
 .text          0x0000000008049250       0x3c ../../../os/kernel/src/chregistry.o
                0x0000000008049250                chRegFirstThread
                0x0000000008049260                chRegNextThread
 *fill*         0x000000000804928c        0x4 
 .text          0x0000000008049290      0x2d2 ../../../os/kernel/src/chsem.o
                0x0000000008049290                chSemInit
                0x00000000080492b0                chSemResetI
                0x0000000008049300                chSemReset
                0x0000000008049330                chSemWaitS
                0x0000000008049380                chSemWait
                0x00000000080493a0                chSemWaitTimeoutS
                0x0000000008049400                chSemWaitTimeout
                0x0000000008049420                chSemSignal
                0x0000000008049460                chSemSignalI
                0x00000000080494a0                chSemAddCounterI
                0x00000000080494f0                chSemSignalWait
 *fill*         0x0000000008049562        0xe 
 .text          0x0000000008049570      0x335 ../../../os/kernel/src/chmtx.o
                0x0000000008049570                chMtxInit
                0x0000000008049590                chMtxLockS
                0x00000000080496c0                chMtxLock
                0x00000000080496e0                chMtxTryLock
                0x0000000008049710                chMtxTryLockS
                0x0000000008049740                chMtxUnlock
                0x00000000080497c0                chMtxUnlockS
                0x0000000008049840                chMtxUnlockAll
 *fill*         0x00000000080498a5        0xb 
 .text          0x00000000080498b0      0x1dd ../../../os/kernel/src/chcond.o
                0x00000000080498b0                chCondInit
                0x00000000080498c0                chCondSignal
                0x00000000080498f0                chCondSignalI
                0x0000000008049920                chCondBroadcastI
                0x0000000008049960                chCondBroadcast
                0x0000000008049980                chCondWaitS
                0x00000000080499e0                chCondWait
                0x0000000008049a00                chCondWaitTimeoutS
                0x0000000008049a70                chCondWaitTimeout
 *fill*         0x0000000008049a8d        0x3 
 .text          0x0000000008049a90      0x43c ../../../os/kernel/src/chevents.o
                0x0000000008049a90                chEvtRegisterMask
                0x0000000008049ac0                chEvtUnregister
                0x0000000008049af0                chEvtGetAndClearEvents
                0x0000000008049b10                chEvtAddEvents
                0x0000000008049b30                chEvtGetAndClearFlags
                0x0000000008049b50                chEvtSignalI
                0x0000000008049bb0                chEvtBroadcastFlagsI
                0x0000000008049bf0                chEvtSignal
                0x0000000008049c20                chEvtBroadcastFlags
                0x0000000008049c50                chEvtGetAndClearFlagsI
                0x0000000008049c60                chEvtDispatch
                0x0000000008049cb0                chEvtWaitOne
                0x0000000008049d00                chEvtWaitAny
                0x0000000008049d40                chEvtWaitAll
                0x0000000008049d90                chEvtWaitOneTimeout
                0x0000000008049e00                chEvtWaitAnyTimeout
                0x0000000008049e70                chEvtWaitAllTimeout
 *fill*         0x0000000008049ecc        0x4 
 .text          0x0000000008049ed0       0xcd ../../../os/kernel/src/chmsg.o
                0x0000000008049ed0                chMsgSend
                0x0000000008049f30                chMsgWait
                0x0000000008049f80                chMsgRelease
 *fill*         0x0000000008049f9d        0x3 
 .text          0x0000000008049fa0      0x33f ../../../os/kernel/src/chmboxes.o
                0x0000000008049fa0                chMBInit
                0x0000000008049ff0                chMBReset
                0x000000000804a040                chMBPostS
                0x000000000804a0a0                chMBPost
                0x000000000804a0d0                chMBPostI
                0x000000000804a120                chMBPostAheadS
                0x000000000804a180                chMBPostAhead
                0x000000000804a1b0                chMBPostAheadI
                0x000000000804a200                chMBFetchS
                0x000000000804a260                chMBFetch
                0x000000000804a290                chMBFetchI
 *fill*         0x000000000804a2df        0x1 
 .text          0x000000000804a2e0      0x422 ../../../os/kernel/src/chqueues.o
                0x000000000804a320                chIQInit
                0x000000000804a360                chIQResetI
                0x000000000804a3b0                chIQPutI
                0x000000000804a420                chIQGetTimeout
                0x000000000804a480                chIQReadTimeout
                0x000000000804a500                chOQInit
                0x000000000804a540                chOQResetI
                0x000000000804a590                chOQPutTimeout
                0x000000000804a600                chOQGetI
                0x000000000804a670                chOQWriteTimeout
 *fill*         0x000000000804a702        0xe 
 .text          0x000000000804a710       0x8c ../../../os/kernel/src/chmemcore.o
                0x000000000804a710                _core_init
                0x000000000804a730                chCoreAlloc
                0x000000000804a760                chCoreAllocI
                0x000000000804a790                chCoreStatus
 *fill*         0x000000000804a79c        0x4 
 .text          0x000000000804a7a0      0x21f ../../../os/kernel/src/chheap.o
                0x000000000804a7a0                _heap_init
                0x000000000804a7e0                chHeapInit
                0x000000000804a820                chHeapAlloc
                0x000000000804a8d0                chHeapFree
                0x000000000804a970                chHeapStatus
 *fill*         0x000000000804a9bf        0x1 
 .text          0x000000000804a9c0       0xf1 ../../../os/kernel/src/chmempools.o
                0x000000000804a9c0                chPoolInit
                0x000000000804a9e0                chPoolLoadArray
                0x000000000804aa30                chPoolAllocI
                0x000000000804aa60                chPoolAlloc
                0x000000000804aa90                chPoolFreeI
                0x000000000804aaa0                chPoolFree
 *fill*         0x000000000804aab1        0xf 
 .text          0x000000000804aac0      0x82c ../../../test/test.o
                0x000000000804ab20                test_printn
                0x000000000804abd0                test_print
                0x000000000804ac10                test_println
                0x000000000804ac60                test_emit_token
                0x000000000804ac80                _test_fail
                0x000000000804aca0                _test_assert
                0x000000000804acd0                _test_assert_sequence
                0x000000000804ad30                _test_assert_time_window
                0x000000000804ad70                test_terminate_threads
                0x000000000804ada0                test_wait_threads
                0x000000000804ade0                test_cpu_pulse
                0x000000000804ae40                test_wait_tick
                0x000000000804ae60                test_start_timer
                0x000000000804aeb0                TestThread
 *fill*         0x000000000804b2ec        0x4 
 .text          0x000000000804b2f0      0x563 ../../../test/testthd.o
 *fill*         0x000000000804b853        0xd 
 .text          0x000000000804b860      0x7af ../../../test/testsem.o
 *fill*         0x000000000804c00f        0x1 
 .text          0x000000000804c010     0x106e ../../../test/testmtx.o
 *fill*         0x000000000804d07e        0x2 
 .text          0x000000000804d080       0xef ../../../test/testmsg.o
 *fill*         0x000000000804d16f        0x1 
 .text          0x000000000804d170      0x903 ../../../test/testmbox.o
 *fill*         0x000000000804da73        0xd 
 .text          0x000000000804da80      0x721 ../../../test/testevt.o
 *fill*         0x000000000804e1a1        0xf 
 .text          0x000000000804e1b0      0x453 ../../../test/testheap.o
 *fill*         0x000000000804e603        0xd 
 .text          0x000000000804e610      0x18e ../../../test/testpools.o
 *fill*         0x000000000804e79e        0x2 
 .text          0x000000000804e7a0      0x659 ../../../test/testdyn.o
 *fill*         0x000000000804edf9        0x7 
 .text          0x000000000804ee00      0x792 ../../../test/testqueues.o
 *fill*         0x000000000804f592        0xe 
 .text          0x000000000804f5a0      0xe33 ../../../test/testbmk.o
                0x000000000804fae0                thread4
 *fill*         0x00000000080503d3        0xd 
 .text          0x00000000080503e0       0x51 ../../../os/hal/src/hal.o
                0x00000000080503e0                halInit
 .text          0x0000000008050431        0x0 ../../../os/hal/src/adc.o
 .text          0x0000000008050431        0x0 ../../../os/hal/src/can.o
 .text          0x0000000008050431        0x0 ../../../os/hal/src/ext.o
 .text          0x0000000008050431        0x0 ../../../os/hal/src/gpt.o
 .text          0x0000000008050431        0x0 ../../../os/hal/src/i2c.o
 .text          0x0000000008050431        0x0 ../../../os/hal/src/icu.o
 .text          0x0000000008050431        0x0 ../../../os/hal/src/mac.o
 .text          0x0000000008050431        0x0 ../../../os/hal/src/mmc_spi.o
 .text          0x0000000008050431        0x0 ../../../os/hal/src/mmcsd.o
 *fill*         0x0000000008050431        0xf 
 .text          0x0000000008050440       0x7a ../../../os/hal/src/pal.o
                0x0000000008050440                palReadBus
                0x0000000008050460                palWriteBus
                0x0000000008050490                palSetBusMode
 .text          0x00000000080504ba        0x0 ../../../os/hal/src/pwm.o
 .text          0x00000000080504ba        0x0 ../../../os/hal/src/rtc.o
 .text          0x00000000080504ba        0x0 ../../../os/hal/src/sdc.o
 *fill*         0x00000000080504ba        0x6 
 .text          0x00000000080504c0      0x2a0 ../../../os/hal/src/serial.o
                0x00000000080505c0                sdInit
                0x00000000080505d0                sdObjectInit
                0x0000000008050640                sdStart
                0x0000000008050670                sdStop
                0x00000000080506b0                sdIncomingDataI
                0x0000000008050720                sdRequestDataI
 .text          0x0000000008050760        0x0 ../../../os/hal/src/serial_usb.o
 .text          0x0000000008050760        0x0 ../../../os/hal/src/spi.o
 .text          0x0000000008050760        0x0 ../../../os/hal/src/tm.o
 .text          0x0000000008050760        0x0 ../../../os/hal/src/uart.o
 .text          0x0000000008050760        0x0 ../../../os/hal/src/usb.o
 .text          0x0000000008050760       0xfb ../../../os/hal/platforms/Posix/hal_lld.o
                0x0000000008050760                hal_lld_init
                0x00000000080507c0                ChkIntSources
 *fill*         0x000000000805085b        0x5 
 .text          0x0000000008050860       0x4e ../../../os/hal/platforms/Posix/pal_lld.o
                0x0000000008050860                _pal_lld_setgroupmode
 *fill*         0x00000000080508ae        0x2 
 .text          0x00000000080508b0      0x5e9 ../../../os/hal/platforms/Posix/serial_lld.o
                0x0000000008050d40                sd_lld_init
                0x0000000008050dc0                sd_lld_start
                0x0000000008050e10                sd_lld_stop
                0x0000000008050e20                sd_lld_interrupt_pending
 *fill*         0x0000000008050e99        0x7 
 .text          0x0000000008050ea0        0x2 ../../../boards/simulator/board.o
                0x0000000008050ea0                boardInit
 *fill*         0x0000000008050ea2        0xe 
 .text          0x0000000008050eb0      0x64c ../../../os/various/shell.o
                0x0000000008051080                shellInit
                0x0000000008051090                shellExit
                0x00000000080510c0                shellCreate
                0x0000000008051100                shellCreateStatic
                0x0000000008051140                shellGetLine
 *fill*         0x00000000080514fc        0x4 
 .text          0x0000000008051500      0x107 ../../../os/various/memstreams.o
                0x00000000080515e0                msObjectInit
 *fill*         0x0000000008051607        0x9 
 .text          0x0000000008051610      0x42e ../../../os/various/chprintf.o
                0x0000000008051690                chvprintf
                0x00000000080519e0                chsnprintf
 *fill*         0x0000000008051a3e        0x2 
 .text          0x0000000008051a40       0x5c main.o
 *fill*         0x0000000008051a9c        0x4 
 .text          0x0000000008051aa0       0x72 /usr/lib32/libc_nonshared.a(elf-init.oS)
                0x0000000008051aa0                __libc_csu_init
                0x0000000008051b10                __libc_csu_fini
 .text          0x0000000008051b12        0x0 /usr/lib/gcc/x86_64-linux-gnu/4.8/32/crtend.o
 .text          0x0000000008051b12        0x0 /usr/lib/gcc/x86_64-linux-gnu/4.8/../../../../lib32/crtn.o
 *(.gnu.warning)

.fini           0x0000000008051b14       0x14
 *(SORT(.fini))
 .fini          0x0000000008051b14        0xf /usr/lib/gcc/x86_64-linux-gnu/4.8/../../../../lib32/crti.o
                0x0000000008051b14                _fini
 .fini          0x0000000008051b23        0x5 /usr/lib/gcc/x86_64-linux-gnu/4.8/../../../../lib32/crtn.o
                0x0000000008051b28                PROVIDE (__etext, .)
                0x0000000008051b28                PROVIDE (_etext, .)
                0x0000000008051b28                PROVIDE (etext, .)

.rodata         0x0000000008051b40      0xf80
 *(.rodata .rodata.* .gnu.linkonce.r.*)
 .rodata        0x0000000008051b40        0x4 /usr/lib/gcc/x86_64-linux-gnu/4.8/../../../../lib32/crt1.o
                0x0000000008051b40                _fp_hw
 .rodata.cst4   0x0000000008051b44        0x4 /usr/lib/gcc/x86_64-linux-gnu/4.8/../../../../lib32/crt1.o
                0x0000000008051b44                _IO_stdin_used
 .rodata.str1.1
                0x0000000008051b48        0x5 ../../../os/kernel/src/chsys.o
 *fill*         0x0000000008051b4d        0x1 
 .rodata        0x0000000008051b4e       0x16 ../../../os/kernel/src/chregistry.o
                0x0000000008051b4e                ch_debug
 .rodata.str1.1
                0x0000000008051b64      0x155 ../../../test/test.o
                                        0x163 (size before relaxing)
 *fill*         0x0000000008051cb9        0x7 
 .rodata        0x0000000008051cc0       0x50 ../../../test/test.o
                0x0000000008051cc0                wa
 .rodata.str1.1
                0x0000000008051d10       0x67 ../../../test/testthd.o
                                         0x6f (size before relaxing)
 *fill*         0x0000000008051d77        0x1 
 .rodata        0x0000000008051d78       0x54 ../../../test/testthd.o
                0x0000000008051d78                patternthd
                0x0000000008051d8c                testthd4
                0x0000000008051d9c                testthd3
                0x0000000008051dac                testthd2
                0x0000000008051dbc                testthd1
 .rodata.str1.1
                0x0000000008051dcc       0x2a ../../../test/testsem.o
                                         0x3a (size before relaxing)
 *fill*         0x0000000008051df6        0x2 
 .rodata        0x0000000008051df8       0x54 ../../../test/testsem.o
                0x0000000008051df8                patternsem
                0x0000000008051e0c                testsem4
                0x0000000008051e1c                testsem3
                0x0000000008051e2c                testsem2
                0x0000000008051e3c                testsem1
 .rodata.str1.4
                0x0000000008051e4c       0x43 ../../../test/testsem.o
 .rodata.str1.1
                0x0000000008051e8f       0x6e ../../../test/testmtx.o
                                         0x7e (size before relaxing)
 *fill*         0x0000000008051efd        0x3 
 .rodata        0x0000000008051f00       0xa4 ../../../test/testmtx.o
                0x0000000008051f00                patternmtx
                0x0000000008051f24                testmtx8
                0x0000000008051f34                testmtx7
                0x0000000008051f44                testmtx6
                0x0000000008051f54                testmtx5
                0x0000000008051f64                testmtx4
                0x0000000008051f74                testmtx3
                0x0000000008051f84                testmtx2
                0x0000000008051f94                testmtx1
 .rodata.str1.4
                0x0000000008051fa4       0x79 ../../../test/testmtx.o
 .rodata.str1.1
                0x000000000805201d        0xf ../../../test/testmsg.o
                                         0x13 (size before relaxing)
 .rodata        0x000000000805202c       0x18 ../../../test/testmsg.o
                0x000000000805202c                patternmsg
                0x0000000008052034                testmsg1
 .rodata.str1.1
                0x0000000000000000        0x6 ../../../test/testmbox.o
 .rodata        0x0000000008052044       0x18 ../../../test/testmbox.o
                0x0000000008052044                patternmbox
                0x000000000805204c                testmbox1
 .rodata.str1.4
                0x000000000805205c       0x20 ../../../test/testmbox.o
 .rodata.str1.1
                0x000000000805207c       0x2c ../../../test/testevt.o
                                         0x32 (size before relaxing)
 .rodata        0x00000000080520a8       0x4c ../../../test/testevt.o
                0x00000000080520a8                patternevt
                0x00000000080520b8                testevt3
                0x00000000080520c8                testevt2
                0x00000000080520d8                testevt1
 .rodata.str1.4
                0x00000000080520f4       0x22 ../../../test/testevt.o
 *fill*         0x0000000008052116        0x2 
 .rodata        0x0000000008052118       0x18 ../../../test/testheap.o
                0x0000000008052118                patternheap
                0x0000000008052120                testheap1
 .rodata.str1.4
                0x0000000008052130       0x28 ../../../test/testheap.o
 .rodata        0x0000000008052158       0x18 ../../../test/testpools.o
                0x0000000008052158                patternpools
                0x0000000008052160                testpools1
 .rodata.str1.1
                0x0000000008052170       0x1c ../../../test/testpools.o
 .rodata.str1.1
                0x000000000805218c        0x8 ../../../test/testdyn.o
                                         0x12 (size before relaxing)
 .rodata        0x0000000008052194       0x40 ../../../test/testdyn.o
                0x0000000008052194                patterndyn
                0x00000000080521a4                testdyn3
                0x00000000080521b4                testdyn2
                0x00000000080521c4                testdyn1
 .rodata.str1.4
                0x00000000080521d4       0x81 ../../../test/testdyn.o
 .rodata.str1.1
                0x0000000008052255       0x2b ../../../test/testqueues.o
                                         0x30 (size before relaxing)
 .rodata        0x0000000008052280       0x2c ../../../test/testqueues.o
                0x0000000008052280                patternqueues
                0x000000000805228c                testqueues2
                0x000000000805229c                testqueues1
 .rodata.str1.1
                0x00000000080522ac      0x16f ../../../test/testbmk.o
 *fill*         0x000000000805241b        0x5 
 .rodata        0x0000000008052420      0x108 ../../../test/testbmk.o
                0x0000000008052420                patternbmk
                0x0000000008052458                testbmk13
                0x0000000008052468                testbmk12
                0x0000000008052478                testbmk11
                0x0000000008052488                testbmk10
                0x0000000008052498                testbmk9
                0x00000000080524a8                testbmk8
                0x00000000080524b8                testbmk7
                0x00000000080524c8                testbmk6
                0x00000000080524d8                testbmk5
                0x00000000080524e8                testbmk4
                0x00000000080524f8                testbmk3
                0x0000000008052508                testbmk2
                0x0000000008052518                testbmk1
 .rodata.str1.4
                0x0000000008052528      0x11f ../../../test/testbmk.o
 *fill*         0x0000000008052647       0x19 
 .rodata        0x0000000008052660       0x20 ../../../os/hal/src/serial.o
 .rodata.str1.1
                0x0000000008052680       0x1e ../../../os/hal/platforms/Posix/hal_lld.o
 .rodata.str1.1
                0x000000000805269e       0x42 ../../../os/hal/platforms/Posix/serial_lld.o
 .rodata.str1.4
                0x00000000080526e0       0xf8 ../../../os/hal/platforms/Posix/serial_lld.o
                                         0xf6 (size before relaxing)
 .rodata        0x00000000080527d8       0x18 ../../../boards/simulator/board.o
                0x00000000080527d8                pal_default_config
 .rodata.str1.1
                0x00000000080527f0      0x130 ../../../os/various/shell.o
                                        0x174 (size before relaxing)
 .rodata        0x0000000008052920       0x10 ../../../os/various/memstreams.o
 .rodata.str1.1
                0x0000000008052930        0x7 ../../../os/various/chprintf.o
 *fill*         0x0000000008052937        0x1 
 .rodata        0x0000000008052938       0xd4 ../../../os/various/chprintf.o
 .rodata.str1.1
                0x0000000008052a0c       0x11 main.o
 *fill*         0x0000000008052a1d        0x3 
 .rodata        0x0000000008052a20       0xa0 main.o

.rodata1
 *(.rodata1)

.eh_frame_hdr   0x0000000008052ac0      0x954
 *(.eh_frame_hdr)
 .eh_frame_hdr  0x0000000008052ac0      0x954 ../../../os/ports/GCC/SIMIA32/chcore.o

.eh_frame       0x0000000008053414     0x285c
 *(.eh_frame)
 .eh_frame      0x0000000008053414       0x3c /usr/lib/gcc/x86_64-linux-gnu/4.8/../../../../lib32/crt1.o
                                         0x40 (size before relaxing)
 .eh_frame      0x0000000008053450       0x3c ../../../os/ports/GCC/SIMIA32/chcore.o
                                         0x54 (size before relaxing)
 .eh_frame      0x000000000805348c       0x44 ../../../os/kernel/src/chsys.o
                                         0x5c (size before relaxing)
 .eh_frame      0x00000000080534d0       0x48 ../../../os/kernel/src/chvt.o
                                         0x60 (size before relaxing)
 .eh_frame      0x0000000008053518      0x154 ../../../os/kernel/src/chschd.o
                                        0x16c (size before relaxing)
 .eh_frame      0x000000000805366c      0x184 ../../../os/kernel/src/chthreads.o
                                        0x19c (size before relaxing)
 .eh_frame      0x00000000080537f0       0x90 ../../../os/kernel/src/chdynamic.o
                                         0xa8 (size before relaxing)
 .eh_frame      0x0000000008053880       0x3c ../../../os/kernel/src/chregistry.o
                                         0x54 (size before relaxing)
 .eh_frame      0x00000000080538bc      0x17c ../../../os/kernel/src/chsem.o
                                        0x194 (size before relaxing)
 .eh_frame      0x0000000008053a38      0x168 ../../../os/kernel/src/chmtx.o
                                        0x180 (size before relaxing)
 .eh_frame      0x0000000008053ba0      0x11c ../../../os/kernel/src/chcond.o
                                        0x134 (size before relaxing)
 .eh_frame      0x0000000008053cbc      0x2ac ../../../os/kernel/src/chevents.o
                                        0x2c4 (size before relaxing)
 .eh_frame      0x0000000008053f68       0x68 ../../../os/kernel/src/chmsg.o
                                         0x80 (size before relaxing)
 .eh_frame      0x0000000008053fd0      0x18c ../../../os/kernel/src/chmboxes.o
                                        0x1a4 (size before relaxing)
 .eh_frame      0x000000000805415c      0x1f8 ../../../os/kernel/src/chqueues.o
                                        0x210 (size before relaxing)
 .eh_frame      0x0000000008054354       0x50 ../../../os/kernel/src/chmemcore.o
                                         0x68 (size before relaxing)
 .eh_frame      0x00000000080543a4      0x110 ../../../os/kernel/src/chheap.o
                                        0x128 (size before relaxing)
 .eh_frame      0x00000000080544b4       0xac ../../../os/kernel/src/chmempools.o
                                         0xc4 (size before relaxing)
 .eh_frame      0x0000000008054560      0x244 ../../../test/test.o
                                        0x25c (size before relaxing)
 .eh_frame      0x00000000080547a4       0xc0 ../../../test/testthd.o
                                         0xd8 (size before relaxing)
 .eh_frame      0x0000000008054864      0x148 ../../../test/testsem.o
                                        0x160 (size before relaxing)
 .eh_frame      0x00000000080549ac      0x374 ../../../test/testmtx.o
                                        0x38c (size before relaxing)
 .eh_frame      0x0000000008054d20       0x48 ../../../test/testmsg.o
                                         0x60 (size before relaxing)
 .eh_frame      0x0000000008054d68       0x4c ../../../test/testmbox.o
                                         0x64 (size before relaxing)
 .eh_frame      0x0000000008054db4      0x14c ../../../test/testevt.o
                                        0x164 (size before relaxing)
 .eh_frame      0x0000000008054f00       0x58 ../../../test/testheap.o
                                         0x70 (size before relaxing)
 .eh_frame      0x0000000008054f58       0x5c ../../../test/testpools.o
                                         0x74 (size before relaxing)
 .eh_frame      0x0000000008054fb4      0x13c ../../../test/testdyn.o
                                        0x154 (size before relaxing)
 .eh_frame      0x00000000080550f0       0xd0 ../../../test/testqueues.o
                                         0xe8 (size before relaxing)
 .eh_frame      0x00000000080551c0      0x32c ../../../test/testbmk.o
                                        0x344 (size before relaxing)
 .eh_frame      0x00000000080554ec       0x18 ../../../os/hal/src/hal.o
                                         0x30 (size before relaxing)
 .eh_frame      0x0000000008055504       0x48 ../../../os/hal/src/pal.o
                                         0x60 (size before relaxing)
 .eh_frame      0x000000000805554c      0x1a0 ../../../os/hal/src/serial.o
                                        0x1b8 (size before relaxing)
 .eh_frame      0x00000000080556ec       0x3c ../../../os/hal/platforms/Posix/hal_lld.o
                                         0x54 (size before relaxing)
 .eh_frame      0x0000000008055728       0x14 ../../../os/hal/platforms/Posix/pal_lld.o
                                         0x2c (size before relaxing)
 .eh_frame      0x000000000805573c      0x154 ../../../os/hal/platforms/Posix/serial_lld.o
                                        0x16c (size before relaxing)
 .eh_frame      0x0000000008055890       0x14 ../../../boards/simulator/board.o
                                         0x2c (size before relaxing)
 .eh_frame      0x00000000080558a4      0x1d0 ../../../os/various/shell.o
                                        0x1e8 (size before relaxing)
 .eh_frame      0x0000000008055a74       0xb0 ../../../os/various/memstreams.o
                                         0xc8 (size before relaxing)
 .eh_frame      0x0000000008055b24       0xb0 ../../../os/various/chprintf.o
                                         0xc8 (size before relaxing)
 .eh_frame      0x0000000008055bd4       0x48 main.o
                                         0x60 (size before relaxing)
 .eh_frame      0x0000000008055c1c       0x50 /usr/lib32/libc_nonshared.a(elf-init.oS)
                                         0x7c (size before relaxing)
 .eh_frame      0x0000000008055c6c        0x4 /usr/lib/gcc/x86_64-linux-gnu/4.8/32/crtend.o

.gcc_except_table
 *(.gcc_except_table .gcc_except_table.*)

.exception_ranges
 *(.exception_ranges .exception_ranges*)
                0x0000000008055c70                . = (ALIGN (0x1000) - ((0x1000 - .) & 0xfff))
                0x0000000008056f08                . = DATA_SEGMENT_ALIGN (0x1000, 0x1000)

.eh_frame
 *(.eh_frame)

.gcc_except_table
 *(.gcc_except_table .gcc_except_table.*)

.exception_ranges
 *(.exception_ranges .exception_ranges*)

.tdata
 *(.tdata .tdata.* .gnu.linkonce.td.*)

.tbss
 *(.tbss .tbss.* .gnu.linkonce.tb.*)
 *(.tcommon)

.preinit_array  0x0000000008056f08        0x0
                0x0000000008056f08                PROVIDE (__preinit_array_start, .)
 *(.preinit_array)
                0x0000000008056f08                PROVIDE (__preinit_array_end, .)

.init_array     0x0000000008056f08        0x4
                0x0000000008056f08                PROVIDE (__init_array_start, .)
 *(SORT(.init_array.*) SORT(.ctors.*))
 *(.init_array EXCLUDE_FILE(*crtend?.o *crtend.o *crtbegin?.o *crtbegin.o) .ctors)
 .init_array    0x0000000008056f08        0x4 /usr/lib/gcc/x86_64-linux-gnu/4.8/32/crtbegin.o
                0x0000000008056f0c                PROVIDE (__init_array_end, .)

.fini_array     0x0000000008056f0c        0x4
                0x0000000008056f0c                PROVIDE (__fini_array_start, .)
 *(SORT(.fini_array.*) SORT(.dtors.*))
 *(.fini_array EXCLUDE_FILE(*crtend?.o *crtend.o *crtbegin?.o *crtbegin.o) .dtors)
 .fini_array    0x0000000008056f0c        0x4 /usr/lib/gcc/x86_64-linux-gnu/4.8/32/crtbegin.o
                0x0000000008056f10                PROVIDE (__fini_array_end, .)

.ctors
 *crtbegin.o(.ctors)
 *crtbegin?.o(.ctors)
 *(EXCLUDE_FILE(*crtend?.o *crtend.o) .ctors)
 *(SORT(.ctors.*))
 *(.ctors)

.dtors
 *crtbegin.o(.dtors)
 *crtbegin?.o(.dtors)
 *(EXCLUDE_FILE(*crtend?.o *crtend.o) .dtors)
 *(SORT(.dtors.*))
 *(.dtors)

.jcr            0x0000000008056f10        0x4
 *(.jcr)
 .jcr           0x0000000008056f10        0x0 /usr/lib/gcc/x86_64-linux-gnu/4.8/32/crtbegin.o
 .jcr           0x0000000008056f10        0x4 /usr/lib/gcc/x86_64-linux-gnu/4.8/32/crtend.o

.data.rel.ro
 *(.data.rel.ro.local* .gnu.linkonce.d.rel.ro.local.*)
 *(.data.rel.ro .data.rel.ro.* .gnu.linkonce.d.rel.ro.*)

.dynamic        0x0000000008056f14       0xe8
 *(.dynamic)
 .dynamic       0x0000000008056f14       0xe8 /usr/lib/gcc/x86_64-linux-gnu/4.8/../../../../lib32/crt1.o
                0x0000000008056f14                _DYNAMIC

.got            0x0000000008056ffc        0x4
 *(.got)
 .got           0x0000000008056ffc        0x4 /usr/lib/gcc/x86_64-linux-gnu/4.8/../../../../lib32/crt1.o
 *(.igot)
                0x0000000008057ff4                . = DATA_SEGMENT_RELRO_END (., (SIZEOF (.got.plt) >= 0xc)?0xc:0x0)

.got.plt        0x0000000008057000       0x64
 *(.got.plt)
 .got.plt       0x0000000008057000       0x64 /usr/lib/gcc/x86_64-linux-gnu/4.8/../../../../lib32/crt1.o
                0x0000000008057000                _GLOBAL_OFFSET_TABLE_
 *(.igot.plt)
 .igot.plt      0x0000000000000000        0x0 /usr/lib/gcc/x86_64-linux-gnu/4.8/../../../../lib32/crt1.o

.data           0x0000000008057080      0x100
 *(.data .data.* .gnu.linkonce.d.*)
 .data          0x0000000008057080        0x4 /usr/lib/gcc/x86_64-linux-gnu/4.8/../../../../lib32/crt1.o
                0x0000000008057080                data_start
                0x0000000008057080                __data_start
 .data          0x0000000008057084        0x0 /usr/lib/gcc/x86_64-linux-gnu/4.8/../../../../lib32/crti.o
 .data          0x0000000008057084        0x4 /usr/lib/gcc/x86_64-linux-gnu/4.8/32/crtbegin.o
                0x0000000008057084                __dso_handle
 .data          0x0000000008057088        0x0 ../../../os/ports/GCC/SIMIA32/chcore.o
 .data          0x0000000008057088        0x0 ../../../os/kernel/src/chsys.o
 .data          0x0000000008057088        0x0 ../../../os/kernel/src/chdebug.o
 .data          0x0000000008057088        0x0 ../../../os/kernel/src/chlists.o
 .data          0x0000000008057088        0x0 ../../../os/kernel/src/chvt.o
 .data          0x0000000008057088        0x0 ../../../os/kernel/src/chschd.o
 .data          0x0000000008057088        0x0 ../../../os/kernel/src/chthreads.o
 .data          0x0000000008057088        0x0 ../../../os/kernel/src/chdynamic.o
 .data          0x0000000008057088        0x0 ../../../os/kernel/src/chregistry.o
 .data          0x0000000008057088        0x0 ../../../os/kernel/src/chsem.o
 .data          0x0000000008057088        0x0 ../../../os/kernel/src/chmtx.o
 .data          0x0000000008057088        0x0 ../../../os/kernel/src/chcond.o
 .data          0x0000000008057088        0x0 ../../../os/kernel/src/chevents.o
 .data          0x0000000008057088        0x0 ../../../os/kernel/src/chmsg.o
 .data          0x0000000008057088        0x0 ../../../os/kernel/src/chmboxes.o
 .data          0x0000000008057088        0x0 ../../../os/kernel/src/chqueues.o
 .data          0x0000000008057088        0x0 ../../../os/kernel/src/chmemcore.o
 .data          0x0000000008057088        0x0 ../../../os/kernel/src/chheap.o
 .data          0x0000000008057088        0x0 ../../../os/kernel/src/chmempools.o
 .data          0x0000000008057088        0x0 ../../../test/test.o
 .data          0x0000000008057088        0x0 ../../../test/testthd.o
 .data          0x0000000008057088        0xc ../../../test/testsem.o
 .data          0x0000000008057094       0x28 ../../../test/testmtx.o
 .data          0x00000000080570bc        0x0 ../../../test/testmsg.o
 *fill*         0x00000000080570bc        0x4 
 .data          0x00000000080570c0       0x28 ../../../test/testmbox.o
 .data          0x00000000080570e8        0x8 ../../../test/testevt.o
 .data          0x00000000080570f0        0x0 ../../../test/testheap.o
 .data          0x00000000080570f0        0xc ../../../test/testpools.o
 .data          0x00000000080570fc        0x0 ../../../test/testdyn.o
 *fill*         0x00000000080570fc        0x4 
 .data          0x0000000008057100       0x64 ../../../test/testqueues.o
 .data          0x0000000008057164        0x0 ../../../test/testbmk.o
 .data          0x0000000008057164        0x0 ../../../os/hal/src/hal.o
 .data          0x0000000008057164        0x0 ../../../os/hal/src/adc.o
 .data          0x0000000008057164        0x0 ../../../os/hal/src/can.o
 .data          0x0000000008057164        0x0 ../../../os/hal/src/ext.o
 .data          0x0000000008057164        0x0 ../../../os/hal/src/gpt.o
 .data          0x0000000008057164        0x0 ../../../os/hal/src/i2c.o
 .data          0x0000000008057164        0x0 ../../../os/hal/src/icu.o
 .data          0x0000000008057164        0x0 ../../../os/hal/src/mac.o
 .data          0x0000000008057164        0x0 ../../../os/hal/src/mmc_spi.o
 .data          0x0000000008057164        0x0 ../../../os/hal/src/mmcsd.o
 .data          0x0000000008057164        0x0 ../../../os/hal/src/pal.o
 .data          0x0000000008057164        0x0 ../../../os/hal/src/pwm.o
 .data          0x0000000008057164        0x0 ../../../os/hal/src/rtc.o
 .data          0x0000000008057164        0x0 ../../../os/hal/src/sdc.o
 .data          0x0000000008057164        0x0 ../../../os/hal/src/serial.o
 .data          0x0000000008057164        0x0 ../../../os/hal/src/serial_usb.o
 .data          0x0000000008057164        0x0 ../../../os/hal/src/spi.o
 .data          0x0000000008057164        0x0 ../../../os/hal/src/tm.o
 .data          0x0000000008057164        0x0 ../../../os/hal/src/uart.o
 .data          0x0000000008057164        0x0 ../../../os/hal/src/usb.o
 .data          0x0000000008057164        0x0 ../../../os/hal/platforms/Posix/hal_lld.o
 .data          0x0000000008057164        0x0 ../../../os/hal/platforms/Posix/pal_lld.o
 .data          0x0000000008057164        0x4 ../../../os/hal/platforms/Posix/serial_lld.o
 .data          0x0000000008057168        0x0 ../../../boards/simulator/board.o
 .data          0x0000000008057168       0x18 ../../../os/various/shell.o
 .data          0x0000000008057180        0x0 ../../../os/various/memstreams.o
 .data          0x0000000008057180        0x0 ../../../os/various/chprintf.o
 .data          0x0000000008057180        0x0 main.o
 .data          0x0000000008057180        0x0 /usr/lib32/libc_nonshared.a(elf-init.oS)
 .data          0x0000000008057180        0x0 /usr/lib/gcc/x86_64-linux-gnu/4.8/32/crtend.o
 .data          0x0000000008057180        0x0 /usr/lib/gcc/x86_64-linux-gnu/4.8/../../../../lib32/crtn.o

.tm_clone_table
                0x0000000008057180        0x0
 .tm_clone_table
                0x0000000008057180        0x0 /usr/lib/gcc/x86_64-linux-gnu/4.8/32/crtbegin.o
 .tm_clone_table
                0x0000000008057180        0x0 /usr/lib/gcc/x86_64-linux-gnu/4.8/32/crtend.o

.data1
 *(.data1)
                0x0000000008057180                _edata = .
                0x0000000008057180                PROVIDE (edata, .)
                0x0000000008057180                . = .
                0x0000000008057180                __bss_start = .

.bss            0x0000000008057180    0x391c4
 *(.dynbss)
 .dynbss        0x0000000000000000        0x0 /usr/lib/gcc/x86_64-linux-gnu/4.8/../../../../lib32/crt1.o
 *(.bss .bss.* .gnu.linkonce.b.*)
 .bss           0x0000000008057180        0x0 /usr/lib/gcc/x86_64-linux-gnu/4.8/../../../../lib32/crt1.o
 .bss           0x0000000008057180        0x0 /usr/lib/gcc/x86_64-linux-gnu/4.8/../../../../lib32/crti.o
 .bss           0x0000000008057180        0x1 /usr/lib/gcc/x86_64-linux-gnu/4.8/32/crtbegin.o
 .bss           0x0000000008057181        0x0 ../../../os/ports/GCC/SIMIA32/chcore.o
 *fill*         0x0000000008057181       0x1f 
 .bss           0x00000000080571a0       0x48 ../../../os/kernel/src/chsys.o
 .bss           0x00000000080571e8        0x0 ../../../os/kernel/src/chdebug.o
 .bss           0x00000000080571e8        0x0 ../../../os/kernel/src/chlists.o
 .bss           0x00000000080571e8        0x0 ../../../os/kernel/src/chvt.o
 .bss           0x00000000080571e8        0x0 ../../../os/kernel/src/chschd.o
 .bss           0x00000000080571e8        0x0 ../../../os/kernel/src/chthreads.o
 .bss           0x00000000080571e8        0x0 ../../../os/kernel/src/chdynamic.o
 .bss           0x00000000080571e8        0x0 ../../../os/kernel/src/chregistry.o
 .bss           0x00000000080571e8        0x0 ../../../os/kernel/src/chsem.o
 .bss           0x00000000080571e8        0x0 ../../../os/kernel/src/chmtx.o
 .bss           0x00000000080571e8        0x0 ../../../os/kernel/src/chcond.o
 .bss           0x00000000080571e8        0x0 ../../../os/kernel/src/chevents.o
 .bss           0x00000000080571e8        0x0 ../../../os/kernel/src/chmsg.o
 .bss           0x00000000080571e8        0x0 ../../../os/kernel/src/chmboxes.o
 .bss           0x00000000080571e8        0x0 ../../../os/kernel/src/chqueues.o
 *fill*         0x00000000080571e8       0x18 
 .bss           0x0000000008057200    0x20008 ../../../os/kernel/src/chmemcore.o
 *fill*         0x0000000008077208       0x18 
 .bss           0x0000000008077220       0x30 ../../../os/kernel/src/chheap.o
 .bss           0x0000000008077250        0x0 ../../../os/kernel/src/chmempools.o
 .bss           0x0000000008077250       0x32 ../../../test/test.o
 .bss           0x0000000008077282        0x0 ../../../test/testthd.o
 .bss           0x0000000008077282        0x0 ../../../test/testsem.o
 .bss           0x0000000008077282        0x0 ../../../test/testmtx.o
 .bss           0x0000000008077282        0x0 ../../../test/testmsg.o
 .bss           0x0000000008077282        0x0 ../../../test/testmbox.o
 .bss           0x0000000008077282        0x0 ../../../test/testevt.o
 *fill*         0x0000000008077282       0x1e 
 .bss           0x00000000080772a0       0x30 ../../../test/testheap.o
 .bss           0x00000000080772d0        0x0 ../../../test/testpools.o
 *fill*         0x00000000080772d0       0x10 
 .bss           0x00000000080772e0       0x50 ../../../test/testdyn.o
 .bss           0x0000000008077330        0x0 ../../../test/testqueues.o
 *fill*         0x0000000008077330       0x10 
 .bss           0x0000000008077340       0x80 ../../../test/testbmk.o
 .bss           0x00000000080773c0        0x0 ../../../os/hal/src/hal.o
 .bss           0x00000000080773c0        0x0 ../../../os/hal/src/adc.o
 .bss           0x00000000080773c0        0x0 ../../../os/hal/src/can.o
 .bss           0x00000000080773c0        0x0 ../../../os/hal/src/ext.o
 .bss           0x00000000080773c0        0x0 ../../../os/hal/src/gpt.o
 .bss           0x00000000080773c0        0x0 ../../../os/hal/src/i2c.o
 .bss           0x00000000080773c0        0x0 ../../../os/hal/src/icu.o
 .bss           0x00000000080773c0        0x0 ../../../os/hal/src/mac.o
 .bss           0x00000000080773c0        0x0 ../../../os/hal/src/mmc_spi.o
 .bss           0x00000000080773c0        0x0 ../../../os/hal/src/mmcsd.o
 .bss           0x00000000080773c0        0x0 ../../../os/hal/src/pal.o
 .bss           0x00000000080773c0        0x0 ../../../os/hal/src/pwm.o
 .bss           0x00000000080773c0        0x0 ../../../os/hal/src/rtc.o
 .bss           0x00000000080773c0        0x0 ../../../os/hal/src/sdc.o
 .bss           0x00000000080773c0        0x0 ../../../os/hal/src/serial.o
 .bss           0x00000000080773c0        0x0 ../../../os/hal/src/serial_usb.o
 .bss           0x00000000080773c0        0x0 ../../../os/hal/src/spi.o
 .bss           0x00000000080773c0        0x0 ../../../os/hal/src/tm.o
 .bss           0x00000000080773c0        0x0 ../../../os/hal/src/uart.o
 .bss           0x00000000080773c0        0x0 ../../../os/hal/src/usb.o
 .bss           0x00000000080773c0        0x8 ../../../os/hal/platforms/Posix/hal_lld.o
 .bss           0x00000000080773c8        0x0 ../../../os/hal/platforms/Posix/pal_lld.o
 .bss           0x00000000080773c8        0x0 ../../../os/hal/platforms/Posix/serial_lld.o
 .bss           0x00000000080773c8        0x0 ../../../boards/simulator/board.o
 .bss           0x00000000080773c8        0x0 ../../../os/various/shell.o
 .bss           0x00000000080773c8        0x0 ../../../os/various/memstreams.o
 .bss           0x00000000080773c8        0x0 ../../../os/various/chprintf.o
 .bss           0x00000000080773c8       0x14 main.o
 .bss           0x00000000080773dc        0x0 /usr/lib32/libc_nonshared.a(elf-init.oS)
 .bss           0x00000000080773dc        0x0 /usr/lib/gcc/x86_64-linux-gnu/4.8/32/crtend.o
 .bss           0x00000000080773dc        0x0 /usr/lib/gcc/x86_64-linux-gnu/4.8/../../../../lib32/crtn.o
 *(COMMON)
 *fill*         0x00000000080773dc        0x4 
 COMMON         0x00000000080773e0     0x4170 ../../../os/kernel/src/chsys.o
                0x00000000080773e0                _idle_thread_wa
 COMMON         0x000000000807b550       0x10 ../../../os/kernel/src/chvt.o
                0x000000000807b550                vtlist
 COMMON         0x000000000807b560       0x1c ../../../os/kernel/src/chschd.o
                0x000000000807b560                rlist
 *fill*         0x000000000807b57c        0x4 
 COMMON         0x000000000807b580    0x14c50 ../../../test/test.o
                0x000000000807b580                test_timer_done
                0x000000000807b584                threads
                0x000000000807b5a0                test
 COMMON         0x00000000080901d0       0x18 ../../../os/hal/platforms/Posix/pal_lld.o
                0x00000000080901d0                vio_port_2
                0x00000000080901dc                vio_port_1
 *fill*         0x00000000080901e8       0x18 
 COMMON         0x0000000008090200      0x140 ../../../os/hal/platforms/Posix/serial_lld.o
                0x0000000008090200                SD2
                0x00000000080902a0                SD1
 COMMON         0x0000000008090340        0x4 ../../../os/various/shell.o
                0x0000000008090340                shell_terminated
                0x0000000008090344                . = ALIGN ((. != 0x0)?0x4:0x1)
                0x0000000008090344                . = ALIGN (0x4)
                0x0000000008090344                . = SEGMENT_START ("ldata-segment", .)
                0x0000000008090344                . = ALIGN (0x4)
                0x0000000008090344                _end = .
                0x0000000008090344                PROVIDE (end, .)
                0x0000000008090344                . = DATA_SEGMENT_END (.)

.stab
 *(.stab)

.stabstr
 *(.stabstr)

.stab.excl
 *(.stab.excl)

.stab.exclstr
 *(.stab.exclstr)

.stab.index
 *(.stab.index)

.stab.indexstr
 *(.stab.indexstr)

.comment        0x0000000000000000       0x24
 *(.comment)
 .comment       0x0000000000000000       0x24 /usr/lib/gcc/x86_64-linux-gnu/4.8/32/crtbegin.o
                                         0x25 (size before relaxing)
 .comment       0x0000000000000000       0x25 ../../../os/ports/GCC/SIMIA32/chcore.o
 .comment       0x0000000000000000       0x25 ../../../os/kernel/src/chsys.o
 .comment       0x0000000000000000       0x25 ../../../os/kernel/src/chdebug.o
 .comment       0x0000000000000000       0x25 ../../../os/kernel/src/chlists.o
 .comment       0x0000000000000000       0x25 ../../../os/kernel/src/chvt.o
 .comment       0x0000000000000000       0x25 ../../../os/kernel/src/chschd.o
 .comment       0x0000000000000000       0x25 ../../../os/kernel/src/chthreads.o
 .comment       0x0000000000000000       0x25 ../../../os/kernel/src/chdynamic.o
 .comment       0x0000000000000000       0x25 ../../../os/kernel/src/chregistry.o
 .comment       0x0000000000000000       0x25 ../../../os/kernel/src/chsem.o
 .comment       0x0000000000000000       0x25 ../../../os/kernel/src/chmtx.o
 .comment       0x0000000000000000       0x25 ../../../os/kernel/src/chcond.o
 .comment       0x0000000000000000       0x25 ../../../os/kernel/src/chevents.o
 .comment       0x0000000000000000       0x25 ../../../os/kernel/src/chmsg.o
 .comment       0x0000000000000000       0x25 ../../../os/kernel/src/chmboxes.o
 .comment       0x0000000000000000       0x25 ../../../os/kernel/src/chqueues.o
 .comment       0x0000000000000000       0x25 ../../../os/kernel/src/chmemcore.o
 .comment       0x0000000000000000       0x25 ../../../os/kernel/src/chheap.o
 .comment       0x0000000000000000       0x25 ../../../os/kernel/src/chmempools.o
 .comment       0x0000000000000000       0x25 ../../../test/test.o
 .comment       0x0000000000000000       0x25 ../../../test/testthd.o
 .comment       0x0000000000000000       0x25 ../../../test/testsem.o
 .comment       0x0000000000000000       0x25 ../../../test/testmtx.o
 .comment       0x0000000000000000       0x25 ../../../test/testmsg.o
 .comment       0x0000000000000000       0x25 ../../../test/testmbox.o
 .comment       0x0000000000000000       0x25 ../../../test/testevt.o
 .comment       0x0000000000000000       0x25 ../../../test/testheap.o
 .comment       0x0000000000000000       0x25 ../../../test/testpools.o
 .comment       0x0000000000000000       0x25 ../../../test/testdyn.o
 .comment       0x0000000000000000       0x25 ../../../test/testqueues.o
 .comment       0x0000000000000000       0x25 ../../../test/testbmk.o
 .comment       0x0000000000000000       0x25 ../../../os/hal/src/hal.o
 .comment       0x0000000000000000       0x25 ../../../os/hal/src/adc.o
 .comment       0x0000000000000000       0x25 ../../../os/hal/src/can.o
 .comment       0x0000000000000000       0x25 ../../../os/hal/src/ext.o
 .comment       0x0000000000000000       0x25 ../../../os/hal/src/gpt.o
 .comment       0x0000000000000000       0x25 ../../../os/hal/src/i2c.o
 .comment       0x0000000000000000       0x25 ../../../os/hal/src/icu.o
 .comment       0x0000000000000000       0x25 ../../../os/hal/src/mac.o
 .comment       0x0000000000000000       0x25 ../../../os/hal/src/mmc_spi.o
 .comment       0x0000000000000000       0x25 ../../../os/hal/src/mmcsd.o
 .comment       0x0000000000000000       0x25 ../../../os/hal/src/pal.o
 .comment       0x0000000000000000       0x25 ../../../os/hal/src/pwm.o
 .comment       0x0000000000000000       0x25 ../../../os/hal/src/rtc.o
 .comment       0x0000000000000000       0x25 ../../../os/hal/src/sdc.o
 .comment       0x0000000000000000       0x25 ../../../os/hal/src/serial.o
 .comment       0x0000000000000000       0x25 ../../../os/hal/src/serial_usb.o
 .comment       0x0000000000000000       0x25 ../../../os/hal/src/spi.o
 .comment       0x0000000000000000       0x25 ../../../os/hal/src/tm.o
 .comment       0x0000000000000000       0x25 ../../../os/hal/src/uart.o
 .comment       0x0000000000000000       0x25 ../../../os/hal/src/usb.o
 .comment       0x0000000000000000       0x25 ../../../os/hal/platforms/Posix/hal_lld.o
 .comment       0x0000000000000000       0x25 ../../../os/hal/platforms/Posix/pal_lld.o
 .comment       0x0000000000000000       0x25 ../../../os/hal/platforms/Posix/serial_lld.o
 .comment       0x0000000000000000       0x25 ../../../boards/simulator/board.o
 .comment       0x0000000000000000       0x25 ../../../os/various/shell.o
 .comment       0x0000000000000000       0x25 ../../../os/various/memstreams.o
 .comment       0x0000000000000000       0x25 ../../../os/various/chprintf.o
 .comment       0x0000000000000000       0x25 main.o
 .comment       0x0000000000000000       0x25 /usr/lib32/libc_nonshared.a(elf-init.oS)
 .comment       0x0000000000000000       0x25 /usr/lib/gcc/x86_64-linux-gnu/4.8/32/crtend.o

.debug
 *(.debug)

.line
 *(.line)

.debug_srcinfo
 *(.debug_srcinfo)

.debug_sfnames
 *(.debug_sfnames)

.debug_aranges  0x0000000000000000      0x6d0
 *(.debug_aranges)
 .debug_aranges
                0x0000000000000000       0x20 ../../../os/ports/GCC/SIMIA32/chcore.o
 .debug_aranges
                0x0000000000000020       0x20 ../../../os/kernel/src/chsys.o
 .debug_aranges
                0x0000000000000040       0x18 ../../../os/kernel/src/chdebug.o
 .debug_aranges
                0x0000000000000058       0x18 ../../../os/kernel/src/chlists.o
 .debug_aranges
                0x0000000000000070       0x20 ../../../os/kernel/src/chvt.o
 .debug_aranges
                0x0000000000000090       0x20 ../../../os/kernel/src/chschd.o
 .debug_aranges
                0x00000000000000b0       0x20 ../../../os/kernel/src/chthreads.o
 .debug_aranges
                0x00000000000000d0       0x20 ../../../os/kernel/src/chdynamic.o
 .debug_aranges
                0x00000000000000f0       0x20 ../../../os/kernel/src/chregistry.o
 .debug_aranges
                0x0000000000000110       0x20 ../../../os/kernel/src/chsem.o
 .debug_aranges
                0x0000000000000130       0x20 ../../../os/kernel/src/chmtx.o
 .debug_aranges
                0x0000000000000150       0x20 ../../../os/kernel/src/chcond.o
 .debug_aranges
                0x0000000000000170       0x20 ../../../os/kernel/src/chevents.o
 .debug_aranges
                0x0000000000000190       0x20 ../../../os/kernel/src/chmsg.o
 .debug_aranges
                0x00000000000001b0       0x20 ../../../os/kernel/src/chmboxes.o
 .debug_aranges
                0x00000000000001d0       0x20 ../../../os/kernel/src/chqueues.o
 .debug_aranges
                0x00000000000001f0       0x20 ../../../os/kernel/src/chmemcore.o
 .debug_aranges
                0x0000000000000210       0x20 ../../../os/kernel/src/chheap.o
 .debug_aranges
                0x0000000000000230       0x20 ../../../os/kernel/src/chmempools.o
 .debug_aranges
                0x0000000000000250       0x20 ../../../test/test.o
 .debug_aranges
                0x0000000000000270       0x20 ../../../test/testthd.o
 .debug_aranges
                0x0000000000000290       0x20 ../../../test/testsem.o
 .debug_aranges
                0x00000000000002b0       0x20 ../../../test/testmtx.o
 .debug_aranges
                0x00000000000002d0       0x20 ../../../test/testmsg.o
 .debug_aranges
                0x00000000000002f0       0x20 ../../../test/testmbox.o
 .debug_aranges
                0x0000000000000310       0x20 ../../../test/testevt.o
 .debug_aranges
                0x0000000000000330       0x20 ../../../test/testheap.o
 .debug_aranges
                0x0000000000000350       0x20 ../../../test/testpools.o
 .debug_aranges
                0x0000000000000370       0x20 ../../../test/testdyn.o
 .debug_aranges
                0x0000000000000390       0x20 ../../../test/testqueues.o
 .debug_aranges
                0x00000000000003b0       0x20 ../../../test/testbmk.o
 .debug_aranges
                0x00000000000003d0       0x20 ../../../os/hal/src/hal.o
 .debug_aranges
                0x00000000000003f0       0x18 ../../../os/hal/src/adc.o
 .debug_aranges
                0x0000000000000408       0x18 ../../../os/hal/src/can.o
 .debug_aranges
                0x0000000000000420       0x18 ../../../os/hal/src/ext.o
 .debug_aranges
                0x0000000000000438       0x18 ../../../os/hal/src/gpt.o
 .debug_aranges
                0x0000000000000450       0x18 ../../../os/hal/src/i2c.o
 .debug_aranges
                0x0000000000000468       0x18 ../../../os/hal/src/icu.o
 .debug_aranges
                0x0000000000000480       0x18 ../../../os/hal/src/mac.o
 .debug_aranges
                0x0000000000000498       0x18 ../../../os/hal/src/mmc_spi.o
 .debug_aranges
                0x00000000000004b0       0x18 ../../../os/hal/src/mmcsd.o
 .debug_aranges
                0x00000000000004c8       0x20 ../../../os/hal/src/pal.o
 .debug_aranges
                0x00000000000004e8       0x18 ../../../os/hal/src/pwm.o
 .debug_aranges
                0x0000000000000500       0x18 ../../../os/hal/src/rtc.o
 .debug_aranges
                0x0000000000000518       0x18 ../../../os/hal/src/sdc.o
 .debug_aranges
                0x0000000000000530       0x20 ../../../os/hal/src/serial.o
 .debug_aranges
                0x0000000000000550       0x18 ../../../os/hal/src/serial_usb.o
 .debug_aranges
                0x0000000000000568       0x18 ../../../os/hal/src/spi.o
 .debug_aranges
                0x0000000000000580       0x18 ../../../os/hal/src/tm.o
 .debug_aranges
                0x0000000000000598       0x18 ../../../os/hal/src/uart.o
 .debug_aranges
                0x00000000000005b0       0x18 ../../../os/hal/src/usb.o
 .debug_aranges
                0x00000000000005c8       0x20 ../../../os/hal/platforms/Posix/hal_lld.o
 .debug_aranges
                0x00000000000005e8       0x20 ../../../os/hal/platforms/Posix/pal_lld.o
 .debug_aranges
                0x0000000000000608       0x20 ../../../os/hal/platforms/Posix/serial_lld.o
 .debug_aranges
                0x0000000000000628       0x20 ../../../boards/simulator/board.o
 .debug_aranges
                0x0000000000000648       0x20 ../../../os/various/shell.o
 .debug_aranges
                0x0000000000000668       0x20 ../../../os/various/memstreams.o
 .debug_aranges
                0x0000000000000688       0x20 ../../../os/various/chprintf.o
 .debug_aranges
                0x00000000000006a8       0x28 main.o

.debug_pubnames
 *(.debug_pubnames)

.debug_info     0x0000000000000000    0x18c7e
 *(.debug_info .gnu.linkonce.wi.*)
 .debug_info    0x0000000000000000      0x432 ../../../os/ports/GCC/SIMIA32/chcore.o
 .debug_info    0x0000000000000432      0x780 ../../../os/kernel/src/chsys.o
 .debug_info    0x0000000000000bb2       0x72 ../../../os/kernel/src/chdebug.o
 .debug_info    0x0000000000000c24       0x72 ../../../os/kernel/src/chlists.o
 .debug_info    0x0000000000000c96      0x1f4 ../../../os/kernel/src/chvt.o
 .debug_info    0x0000000000000e8a      0x91f ../../../os/kernel/src/chschd.o
 .debug_info    0x00000000000017a9      0x9a0 ../../../os/kernel/src/chthreads.o
 .debug_info    0x0000000000002149      0x778 ../../../os/kernel/src/chdynamic.o
 .debug_info    0x00000000000028c1      0x55e ../../../os/kernel/src/chregistry.o
 .debug_info    0x0000000000002e1f      0x959 ../../../os/kernel/src/chsem.o
 .debug_info    0x0000000000003778      0x897 ../../../os/kernel/src/chmtx.o
 .debug_info    0x000000000000400f      0x84d ../../../os/kernel/src/chcond.o
 .debug_info    0x000000000000485c      0xa0f ../../../os/kernel/src/chevents.o
 .debug_info    0x000000000000526b      0x581 ../../../os/kernel/src/chmsg.o
 .debug_info    0x00000000000057ec      0x90f ../../../os/kernel/src/chmboxes.o
 .debug_info    0x00000000000060fb      0x9de ../../../os/kernel/src/chqueues.o
 .debug_info    0x0000000000006ad9      0x1d9 ../../../os/kernel/src/chmemcore.o
 .debug_info    0x0000000000006cb2      0x6a5 ../../../os/kernel/src/chheap.o
 .debug_info    0x0000000000007357      0x358 ../../../os/kernel/src/chmempools.o
 .debug_info    0x00000000000076af     0x1218 ../../../test/test.o
 .debug_info    0x00000000000088c7      0xb9b ../../../test/testthd.o
 .debug_info    0x0000000000009462      0xf70 ../../../test/testsem.o
 .debug_info    0x000000000000a3d2     0x1c2a ../../../test/testmtx.o
 .debug_info    0x000000000000bffc      0x696 ../../../test/testmsg.o
 .debug_info    0x000000000000c692      0xdf9 ../../../test/testmbox.o
 .debug_info    0x000000000000d48b     0x10bc ../../../test/testevt.o
 .debug_info    0x000000000000e547      0xbe4 ../../../test/testheap.o
 .debug_info    0x000000000000f12b      0x42d ../../../test/testpools.o
 .debug_info    0x000000000000f558      0xf88 ../../../test/testdyn.o
 .debug_info    0x00000000000104e0      0xf18 ../../../test/testqueues.o
 .debug_info    0x00000000000113f8     0x1d41 ../../../test/testbmk.o
 .debug_info    0x0000000000013139      0x15d ../../../os/hal/src/hal.o
 .debug_info    0x0000000000013296       0x79 ../../../os/hal/src/adc.o
 .debug_info    0x000000000001330f       0x79 ../../../os/hal/src/can.o
 .debug_info    0x0000000000013388       0x79 ../../../os/hal/src/ext.o
 .debug_info    0x0000000000013401       0x79 ../../../os/hal/src/gpt.o
 .debug_info    0x000000000001347a       0x79 ../../../os/hal/src/i2c.o
 .debug_info    0x00000000000134f3       0x79 ../../../os/hal/src/icu.o
 .debug_info    0x000000000001356c       0x79 ../../../os/hal/src/mac.o
 .debug_info    0x00000000000135e5       0x79 ../../../os/hal/src/mmc_spi.o
 .debug_info    0x000000000001365e       0x79 ../../../os/hal/src/mmcsd.o
 .debug_info    0x00000000000136d7      0x1e9 ../../../os/hal/src/pal.o
 .debug_info    0x00000000000138c0       0x79 ../../../os/hal/src/pwm.o
 .debug_info    0x0000000000013939       0x79 ../../../os/hal/src/rtc.o
 .debug_info    0x00000000000139b2       0x79 ../../../os/hal/src/sdc.o
 .debug_info    0x0000000000013a2b      0xdcc ../../../os/hal/src/serial.o
 .debug_info    0x00000000000147f7       0x79 ../../../os/hal/src/serial_usb.o
 .debug_info    0x0000000000014870       0x79 ../../../os/hal/src/spi.o
 .debug_info    0x00000000000148e9       0x79 ../../../os/hal/src/tm.o
 .debug_info    0x0000000000014962       0x79 ../../../os/hal/src/uart.o
 .debug_info    0x00000000000149db       0x79 ../../../os/hal/src/usb.o
 .debug_info    0x0000000000014a54      0x456 ../../../os/hal/platforms/Posix/hal_lld.o
 .debug_info    0x0000000000014eaa      0x14f ../../../os/hal/platforms/Posix/pal_lld.o
 .debug_info    0x0000000000014ff9     0x15ee ../../../os/hal/platforms/Posix/serial_lld.o
 .debug_info    0x00000000000165e7      0x117 ../../../boards/simulator/board.o
 .debug_info    0x00000000000166fe     0x146f ../../../os/various/shell.o
 .debug_info    0x0000000000017b6d      0x427 ../../../os/various/memstreams.o
 .debug_info    0x0000000000017f94      0x63a ../../../os/various/chprintf.o
 .debug_info    0x00000000000185ce      0x6b0 main.o

.debug_abbrev   0x0000000000000000     0x5c39
 *(.debug_abbrev)
 .debug_abbrev  0x0000000000000000      0x14d ../../../os/ports/GCC/SIMIA32/chcore.o
 .debug_abbrev  0x000000000000014d      0x1da ../../../os/kernel/src/chsys.o
 .debug_abbrev  0x0000000000000327       0x26 ../../../os/kernel/src/chdebug.o
 .debug_abbrev  0x000000000000034d       0x26 ../../../os/kernel/src/chlists.o
 .debug_abbrev  0x0000000000000373      0x117 ../../../os/kernel/src/chvt.o
 .debug_abbrev  0x000000000000048a      0x2f9 ../../../os/kernel/src/chschd.o
 .debug_abbrev  0x0000000000000783      0x313 ../../../os/kernel/src/chthreads.o
 .debug_abbrev  0x0000000000000a96      0x1ec ../../../os/kernel/src/chdynamic.o
 .debug_abbrev  0x0000000000000c82      0x155 ../../../os/kernel/src/chregistry.o
 .debug_abbrev  0x0000000000000dd7      0x2f6 ../../../os/kernel/src/chsem.o
 .debug_abbrev  0x00000000000010cd      0x2cb ../../../os/kernel/src/chmtx.o
 .debug_abbrev  0x0000000000001398      0x29d ../../../os/kernel/src/chcond.o
 .debug_abbrev  0x0000000000001635      0x2b7 ../../../os/kernel/src/chevents.o
 .debug_abbrev  0x00000000000018ec      0x1eb ../../../os/kernel/src/chmsg.o
 .debug_abbrev  0x0000000000001ad7      0x201 ../../../os/kernel/src/chmboxes.o
 .debug_abbrev  0x0000000000001cd8      0x2b9 ../../../os/kernel/src/chqueues.o
 .debug_abbrev  0x0000000000001f91      0x155 ../../../os/kernel/src/chmemcore.o
 .debug_abbrev  0x00000000000020e6      0x1f6 ../../../os/kernel/src/chheap.o
 .debug_abbrev  0x00000000000022dc      0x1d5 ../../../os/kernel/src/chmempools.o
 .debug_abbrev  0x00000000000024b1      0x4f0 ../../../test/test.o
 .debug_abbrev  0x00000000000029a1      0x25b ../../../test/testthd.o
 .debug_abbrev  0x0000000000002bfc      0x293 ../../../test/testsem.o
 .debug_abbrev  0x0000000000002e8f      0x2a8 ../../../test/testmtx.o
 .debug_abbrev  0x0000000000003137      0x1ee ../../../test/testmsg.o
 .debug_abbrev  0x0000000000003325      0x200 ../../../test/testmbox.o
 .debug_abbrev  0x0000000000003525      0x2d2 ../../../test/testevt.o
 .debug_abbrev  0x00000000000037f7      0x21e ../../../test/testheap.o
 .debug_abbrev  0x0000000000003a15      0x1bc ../../../test/testpools.o
 .debug_abbrev  0x0000000000003bd1      0x299 ../../../test/testdyn.o
 .debug_abbrev  0x0000000000003e6a      0x2b8 ../../../test/testqueues.o
 .debug_abbrev  0x0000000000004122      0x319 ../../../test/testbmk.o
 .debug_abbrev  0x000000000000443b       0xcf ../../../os/hal/src/hal.o
 .debug_abbrev  0x000000000000450a       0x26 ../../../os/hal/src/adc.o
 .debug_abbrev  0x0000000000004530       0x26 ../../../os/hal/src/can.o
 .debug_abbrev  0x0000000000004556       0x26 ../../../os/hal/src/ext.o
 .debug_abbrev  0x000000000000457c       0x26 ../../../os/hal/src/gpt.o
 .debug_abbrev  0x00000000000045a2       0x26 ../../../os/hal/src/i2c.o
 .debug_abbrev  0x00000000000045c8       0x26 ../../../os/hal/src/icu.o
 .debug_abbrev  0x00000000000045ee       0x26 ../../../os/hal/src/mac.o
 .debug_abbrev  0x0000000000004614       0x26 ../../../os/hal/src/mmc_spi.o
 .debug_abbrev  0x000000000000463a       0x26 ../../../os/hal/src/mmcsd.o
 .debug_abbrev  0x0000000000004660       0xee ../../../os/hal/src/pal.o
 .debug_abbrev  0x000000000000474e       0x26 ../../../os/hal/src/pwm.o
 .debug_abbrev  0x0000000000004774       0x26 ../../../os/hal/src/rtc.o
 .debug_abbrev  0x000000000000479a       0x26 ../../../os/hal/src/sdc.o
 .debug_abbrev  0x00000000000047c0      0x256 ../../../os/hal/src/serial.o
 .debug_abbrev  0x0000000000004a16       0x26 ../../../os/hal/src/serial_usb.o
 .debug_abbrev  0x0000000000004a3c       0x26 ../../../os/hal/src/spi.o
 .debug_abbrev  0x0000000000004a62       0x26 ../../../os/hal/src/tm.o
 .debug_abbrev  0x0000000000004a88       0x26 ../../../os/hal/src/uart.o
 .debug_abbrev  0x0000000000004aae       0x26 ../../../os/hal/src/usb.o
 .debug_abbrev  0x0000000000004ad4      0x172 ../../../os/hal/platforms/Posix/hal_lld.o
 .debug_abbrev  0x0000000000004c46       0xb4 ../../../os/hal/platforms/Posix/pal_lld.o
 .debug_abbrev  0x0000000000004cfa      0x47a ../../../os/hal/platforms/Posix/serial_lld.o
 .debug_abbrev  0x0000000000005174       0x92 ../../../boards/simulator/board.o
 .debug_abbrev  0x0000000000005206      0x3d3 ../../../os/various/shell.o
 .debug_abbrev  0x00000000000055d9      0x1a5 ../../../os/various/memstreams.o
 .debug_abbrev  0x000000000000577e      0x274 ../../../os/various/chprintf.o
 .debug_abbrev  0x00000000000059f2      0x247 main.o

.debug_line     0x0000000000000000     0x4b6e
 *(.debug_line .debug_line.* .debug_line_end)
 .debug_line    0x0000000000000000       0xf6 ../../../os/ports/GCC/SIMIA32/chcore.o
 .debug_line    0x00000000000000f6      0x182 ../../../os/kernel/src/chsys.o
 .debug_line    0x0000000000000278       0x1d ../../../os/kernel/src/chdebug.o
 .debug_line    0x0000000000000295       0x1d ../../../os/kernel/src/chlists.o
 .debug_line    0x00000000000002b2       0xd2 ../../../os/kernel/src/chvt.o
 .debug_line    0x0000000000000384      0x240 ../../../os/kernel/src/chschd.o
 .debug_line    0x00000000000005c4      0x231 ../../../os/kernel/src/chthreads.o
 .debug_line    0x00000000000007f5      0x19d ../../../os/kernel/src/chdynamic.o
 .debug_line    0x0000000000000992      0x151 ../../../os/kernel/src/chregistry.o
 .debug_line    0x0000000000000ae3      0x1fe ../../../os/kernel/src/chsem.o
 .debug_line    0x0000000000000ce1      0x240 ../../../os/kernel/src/chmtx.o
 .debug_line    0x0000000000000f21      0x1a4 ../../../os/kernel/src/chcond.o
 .debug_line    0x00000000000010c5      0x200 ../../../os/kernel/src/chevents.o
 .debug_line    0x00000000000012c5      0x127 ../../../os/kernel/src/chmsg.o
 .debug_line    0x00000000000013ec      0x199 ../../../os/kernel/src/chmboxes.o
 .debug_line    0x0000000000001585      0x268 ../../../os/kernel/src/chqueues.o
 .debug_line    0x00000000000017ed       0xef ../../../os/kernel/src/chmemcore.o
 .debug_line    0x00000000000018dc      0x1d2 ../../../os/kernel/src/chheap.o
 .debug_line    0x0000000000001aae      0x121 ../../../os/kernel/src/chmempools.o
 .debug_line    0x0000000000001bcf      0x3ce ../../../test/test.o
 .debug_line    0x0000000000001f9d      0x1b3 ../../../test/testthd.o
 .debug_line    0x0000000000002150      0x242 ../../../test/testsem.o
 .debug_line    0x0000000000002392      0x32b ../../../test/testmtx.o
 .debug_line    0x00000000000026bd      0x148 ../../../test/testmsg.o
 .debug_line    0x0000000000002805      0x21f ../../../test/testmbox.o
 .debug_line    0x0000000000002a24      0x202 ../../../test/testevt.o
 .debug_line    0x0000000000002c26      0x1b0 ../../../test/testheap.o
 .debug_line    0x0000000000002dd6      0x109 ../../../test/testpools.o
 .debug_line    0x0000000000002edf      0x262 ../../../test/testdyn.o
 .debug_line    0x0000000000003141      0x221 ../../../test/testqueues.o
 .debug_line    0x0000000000003362      0x47d ../../../test/testbmk.o
 .debug_line    0x00000000000037df       0xe5 ../../../os/hal/src/hal.o
 .debug_line    0x00000000000038c4       0x1d ../../../os/hal/src/adc.o
 .debug_line    0x00000000000038e1       0x1d ../../../os/hal/src/can.o
 .debug_line    0x00000000000038fe       0x1d ../../../os/hal/src/ext.o
 .debug_line    0x000000000000391b       0x1d ../../../os/hal/src/gpt.o
 .debug_line    0x0000000000003938       0x1d ../../../os/hal/src/i2c.o
 .debug_line    0x0000000000003955       0x1d ../../../os/hal/src/icu.o
 .debug_line    0x0000000000003972       0x1d ../../../os/hal/src/mac.o
 .debug_line    0x000000000000398f       0x1d ../../../os/hal/src/mmc_spi.o
 .debug_line    0x00000000000039ac       0x1d ../../../os/hal/src/mmcsd.o
 .debug_line    0x00000000000039c9       0xb9 ../../../os/hal/src/pal.o
 .debug_line    0x0000000000003a82       0x1d ../../../os/hal/src/pwm.o
 .debug_line    0x0000000000003a9f       0x1d ../../../os/hal/src/rtc.o
 .debug_line    0x0000000000003abc       0x1d ../../../os/hal/src/sdc.o
 .debug_line    0x0000000000003ad9      0x1e9 ../../../os/hal/src/serial.o
 .debug_line    0x0000000000003cc2       0x1d ../../../os/hal/src/serial_usb.o
 .debug_line    0x0000000000003cdf       0x1d ../../../os/hal/src/spi.o
 .debug_line    0x0000000000003cfc       0x1d ../../../os/hal/src/tm.o
 .debug_line    0x0000000000003d19       0x1d ../../../os/hal/src/uart.o
 .debug_line    0x0000000000003d36       0x1d ../../../os/hal/src/usb.o
 .debug_line    0x0000000000003d53      0x18b ../../../os/hal/platforms/Posix/hal_lld.o
 .debug_line    0x0000000000003ede       0x86 ../../../os/hal/platforms/Posix/pal_lld.o
 .debug_line    0x0000000000003f64      0x385 ../../../os/hal/platforms/Posix/serial_lld.o
 .debug_line    0x00000000000042e9       0x91 ../../../boards/simulator/board.o
 .debug_line    0x000000000000437a      0x2d8 ../../../os/various/shell.o
 .debug_line    0x0000000000004652      0x13c ../../../os/various/memstreams.o
 .debug_line    0x000000000000478e      0x206 ../../../os/various/chprintf.o
 .debug_line    0x0000000000004994      0x1da main.o

.debug_frame
 *(.debug_frame)

.debug_str      0x0000000000000000     0x248c
 *(.debug_str)
 .debug_str     0x0000000000000000      0x289 ../../../os/ports/GCC/SIMIA32/chcore.o
                                        0x2e1 (size before relaxing)
 .debug_str     0x0000000000000289      0x255 ../../../os/kernel/src/chsys.o
                                        0x4db (size before relaxing)
 .debug_str     0x00000000000004de       0x1e ../../../os/kernel/src/chdebug.o
                                        0x127 (size before relaxing)
 .debug_str     0x00000000000004fc       0x1e ../../../os/kernel/src/chlists.o
                                        0x127 (size before relaxing)
 .debug_str     0x000000000000051a       0x36 ../../../os/kernel/src/chvt.o
                                        0x1b6 (size before relaxing)
 .debug_str     0x0000000000000550      0x110 ../../../os/kernel/src/chschd.o
                                        0x436 (size before relaxing)
 .debug_str     0x0000000000000660       0xda ../../../os/kernel/src/chthreads.o
                                        0x492 (size before relaxing)
 .debug_str     0x000000000000073a      0x10d ../../../os/kernel/src/chdynamic.o
                                        0x3ef (size before relaxing)
 .debug_str     0x0000000000000847       0x42 ../../../os/kernel/src/chregistry.o
                                        0x404 (size before relaxing)
 .debug_str     0x0000000000000889       0xc8 ../../../os/kernel/src/chsem.o
                                        0x3fa (size before relaxing)
 .debug_str     0x0000000000000951       0x8a ../../../os/kernel/src/chmtx.o
                                        0x39b (size before relaxing)
 .debug_str     0x00000000000009db       0xb0 ../../../os/kernel/src/chcond.o
                                        0x3e8 (size before relaxing)
 .debug_str     0x0000000000000a8b      0x1b9 ../../../os/kernel/src/chevents.o
                                        0x4bf (size before relaxing)
 .debug_str     0x0000000000000c44       0x3d ../../../os/kernel/src/chmsg.o
                                        0x333 (size before relaxing)
 .debug_str     0x0000000000000c81       0xe2 ../../../os/kernel/src/chmboxes.o
                                        0x3c2 (size before relaxing)
 .debug_str     0x0000000000000d63      0x119 ../../../os/kernel/src/chqueues.o
                                        0x411 (size before relaxing)
 .debug_str     0x0000000000000e7c       0x55 ../../../os/kernel/src/chmemcore.o
                                        0x18f (size before relaxing)
 .debug_str     0x0000000000000ed1       0x48 ../../../os/kernel/src/chheap.o
                                        0x376 (size before relaxing)
 .debug_str     0x0000000000000f19       0x55 ../../../os/kernel/src/chmempools.o
                                        0x1e6 (size before relaxing)
 .debug_str     0x0000000000000f6e      0x26e ../../../test/test.o
                                        0x623 (size before relaxing)
 .debug_str     0x00000000000011dc       0x6d ../../../test/testthd.o
                                        0x49c (size before relaxing)
 .debug_str     0x0000000000001249       0xd6 ../../../test/testsem.o
                                        0x558 (size before relaxing)
 .debug_str     0x000000000000131f      0x194 ../../../test/testmtx.o
                                        0x656 (size before relaxing)
 .debug_str     0x00000000000014b3       0x2b ../../../test/testmsg.o
                                        0x38f (size before relaxing)
 .debug_str     0x00000000000014de       0x3f ../../../test/testmbox.o
                                        0x402 (size before relaxing)
 .debug_str     0x000000000000151d       0x7f ../../../test/testevt.o
                                        0x5c1 (size before relaxing)
 .debug_str     0x000000000000159c       0x44 ../../../test/testheap.o
                                        0x3c4 (size before relaxing)
 .debug_str     0x00000000000015e0       0x4c ../../../test/testpools.o
                                        0x228 (size before relaxing)
 .debug_str     0x000000000000162c       0x86 ../../../test/testdyn.o
                                        0x568 (size before relaxing)
 .debug_str     0x00000000000016b2       0x6c ../../../test/testqueues.o
                                        0x4ef (size before relaxing)
 .debug_str     0x000000000000171e      0x17f ../../../test/testbmk.o
                                        0x6eb (size before relaxing)
 .debug_str     0x000000000000189d       0x95 ../../../os/hal/src/hal.o
                                        0x1b9 (size before relaxing)
 .debug_str     0x0000000000001932       0x17 ../../../os/hal/src/adc.o
                                        0x132 (size before relaxing)
 .debug_str     0x0000000000001949       0x17 ../../../os/hal/src/can.o
                                        0x132 (size before relaxing)
 .debug_str     0x0000000000001960       0x17 ../../../os/hal/src/ext.o
                                        0x132 (size before relaxing)
 .debug_str     0x0000000000001977       0x17 ../../../os/hal/src/gpt.o
                                        0x132 (size before relaxing)
 .debug_str     0x000000000000198e       0x17 ../../../os/hal/src/i2c.o
                                        0x132 (size before relaxing)
 .debug_str     0x00000000000019a5       0x17 ../../../os/hal/src/icu.o
                                        0x132 (size before relaxing)
 .debug_str     0x00000000000019bc       0x17 ../../../os/hal/src/mac.o
                                        0x132 (size before relaxing)
 .debug_str     0x00000000000019d3       0x1b ../../../os/hal/src/mmc_spi.o
                                        0x136 (size before relaxing)
 .debug_str     0x00000000000019ee       0x19 ../../../os/hal/src/mmcsd.o
                                        0x134 (size before relaxing)
 .debug_str     0x0000000000001a07       0x92 ../../../os/hal/src/pal.o
                                        0x1dc (size before relaxing)
 .debug_str     0x0000000000001a99       0x17 ../../../os/hal/src/pwm.o
                                        0x132 (size before relaxing)
 .debug_str     0x0000000000001ab0       0x17 ../../../os/hal/src/rtc.o
                                        0x132 (size before relaxing)
 .debug_str     0x0000000000001ac7       0x17 ../../../os/hal/src/sdc.o
                                        0x132 (size before relaxing)
 .debug_str     0x0000000000001ade      0x129 ../../../os/hal/src/serial.o
                                        0x547 (size before relaxing)
 .debug_str     0x0000000000001c07       0x1e ../../../os/hal/src/serial_usb.o
                                        0x139 (size before relaxing)
 .debug_str     0x0000000000001c25       0x17 ../../../os/hal/src/spi.o
                                        0x132 (size before relaxing)
 .debug_str     0x0000000000001c3c       0x16 ../../../os/hal/src/tm.o
                                        0x131 (size before relaxing)
 .debug_str     0x0000000000001c52       0x18 ../../../os/hal/src/uart.o
                                        0x133 (size before relaxing)
 .debug_str     0x0000000000001c6a       0x17 ../../../os/hal/src/usb.o
                                        0x132 (size before relaxing)
 .debug_str     0x0000000000001c81      0x218 ../../../os/hal/platforms/Posix/hal_lld.o
                                        0x3ba (size before relaxing)
 .debug_str     0x0000000000001e99       0x27 ../../../os/hal/platforms/Posix/pal_lld.o
                                        0x1bc (size before relaxing)
 .debug_str     0x0000000000001ec0      0x227 ../../../os/hal/platforms/Posix/serial_lld.o
                                        0x8a8 (size before relaxing)
 .debug_str     0x00000000000020e7       0x1f ../../../boards/simulator/board.o
                                        0x18f (size before relaxing)
 .debug_str     0x0000000000002106      0x19b ../../../os/various/shell.o
                                        0x64a (size before relaxing)
 .debug_str     0x00000000000022a1       0x59 ../../../os/various/memstreams.o
                                        0x1c2 (size before relaxing)
 .debug_str     0x00000000000022fa       0x8f ../../../os/various/chprintf.o
                                        0x27a (size before relaxing)
 .debug_str     0x0000000000002389      0x103 main.o
                                        0x433 (size before relaxing)

.debug_loc      0x0000000000000000     0x40da
 *(.debug_loc)
 .debug_loc     0x0000000000000000       0x3e ../../../os/kernel/src/chsys.o
 .debug_loc     0x000000000000003e       0x68 ../../../os/kernel/src/chvt.o
 .debug_loc     0x00000000000000a6      0x235 ../../../os/kernel/src/chschd.o
 .debug_loc     0x00000000000002db      0x17a ../../../os/kernel/src/chthreads.o
 .debug_loc     0x0000000000000455       0xc2 ../../../os/kernel/src/chdynamic.o
 .debug_loc     0x0000000000000517       0x35 ../../../os/kernel/src/chregistry.o
 .debug_loc     0x000000000000054c      0x2b4 ../../../os/kernel/src/chsem.o
 .debug_loc     0x0000000000000800      0x2f7 ../../../os/kernel/src/chmtx.o
 .debug_loc     0x0000000000000af7      0x1b6 ../../../os/kernel/src/chcond.o
 .debug_loc     0x0000000000000cad      0x2ec ../../../os/kernel/src/chevents.o
 .debug_loc     0x0000000000000f99       0xf2 ../../../os/kernel/src/chmsg.o
 .debug_loc     0x000000000000108b       0x7e ../../../os/kernel/src/chmboxes.o
 .debug_loc     0x0000000000001109      0x298 ../../../os/kernel/src/chqueues.o
 .debug_loc     0x00000000000013a1       0xa0 ../../../os/kernel/src/chmemcore.o
 .debug_loc     0x0000000000001441      0x2f5 ../../../os/kernel/src/chheap.o
 .debug_loc     0x0000000000001736      0x1ae ../../../os/kernel/src/chmempools.o
 .debug_loc     0x00000000000018e4      0x4a4 ../../../test/test.o
 .debug_loc     0x0000000000001d88       0xe9 ../../../test/testthd.o
 .debug_loc     0x0000000000001e71       0x9a ../../../test/testsem.o
 .debug_loc     0x0000000000001f0b      0x17f ../../../test/testmtx.o
 .debug_loc     0x000000000000208a       0x76 ../../../test/testmsg.o
 .debug_loc     0x0000000000002100      0x1c8 ../../../test/testmbox.o
 .debug_loc     0x00000000000022c8      0x16a ../../../test/testevt.o
 .debug_loc     0x0000000000002432      0x158 ../../../test/testheap.o
 .debug_loc     0x000000000000258a       0x8d ../../../test/testpools.o
 .debug_loc     0x0000000000002617      0x153 ../../../test/testdyn.o
 .debug_loc     0x000000000000276a      0x1f9 ../../../test/testqueues.o
 .debug_loc     0x0000000000002963      0x32b ../../../test/testbmk.o
 .debug_loc     0x0000000000002c8e       0xce ../../../os/hal/src/serial.o
 .debug_loc     0x0000000000002d5c       0x61 ../../../os/hal/platforms/Posix/pal_lld.o
 .debug_loc     0x0000000000002dbd      0x3af ../../../os/hal/platforms/Posix/serial_lld.o
 .debug_loc     0x000000000000316c      0x4f6 ../../../os/various/shell.o
 .debug_loc     0x0000000000003662      0x17f ../../../os/various/memstreams.o
 .debug_loc     0x00000000000037e1      0x8e5 ../../../os/various/chprintf.o
 .debug_loc     0x00000000000040c6       0x14 main.o

.debug_macinfo
 *(.debug_macinfo)

.debug_weaknames
 *(.debug_weaknames)

.debug_funcnames
 *(.debug_funcnames)

.debug_typenames
 *(.debug_typenames)

.debug_varnames
 *(.debug_varnames)

.debug_pubtypes
 *(.debug_pubtypes)

.debug_ranges   0x0000000000000000      0x470
 *(.debug_ranges)
 .debug_ranges  0x0000000000000000       0x18 ../../../os/kernel/src/chsys.o
 .debug_ranges  0x0000000000000018       0xa0 ../../../os/kernel/src/chschd.o
 .debug_ranges  0x00000000000000b8       0x60 ../../../os/kernel/src/chthreads.o
 .debug_ranges  0x0000000000000118       0x18 ../../../os/kernel/src/chsem.o
 .debug_ranges  0x0000000000000130       0xa8 ../../../os/kernel/src/chmtx.o
 .debug_ranges  0x00000000000001d8       0x30 ../../../os/kernel/src/chcond.o
 .debug_ranges  0x0000000000000208       0x18 ../../../os/kernel/src/chevents.o
 .debug_ranges  0x0000000000000220       0x18 ../../../os/kernel/src/chqueues.o
 .debug_ranges  0x0000000000000238       0x18 ../../../os/kernel/src/chmemcore.o
 .debug_ranges  0x0000000000000250       0x18 ../../../os/kernel/src/chmempools.o
 .debug_ranges  0x0000000000000268       0x48 ../../../test/test.o
 .debug_ranges  0x00000000000002b0       0x38 ../../../test/testqueues.o
 .debug_ranges  0x00000000000002e8       0x90 ../../../os/hal/platforms/Posix/serial_lld.o